Archive member included to satisfy reference by file (symbol)

/Applications/STM32CubeIDE.app/Contents/Eclipse/plugins/com.st.stm32cube.ide.mcu.externaltools.gnu-tools-for-stm32.13.3.rel1.macos64_1.0.0.202411102158/tools/bin/../lib/gcc/arm-none-eabi/13.3.1/../../../../arm-none-eabi/lib/thumb/v7e-m+fp/hard/libc_nano.a(libc_a-calloc.o)
                              ./ADBMS6830/lib/src/adBms6830GenericType.o (calloc)
/Applications/STM32CubeIDE.app/Contents/Eclipse/plugins/com.st.stm32cube.ide.mcu.externaltools.gnu-tools-for-stm32.13.3.rel1.macos64_1.0.0.202411102158/tools/bin/../lib/gcc/arm-none-eabi/13.3.1/../../../../arm-none-eabi/lib/thumb/v7e-m+fp/hard/libc_nano.a(libc_a-callocr.o)
                              /Applications/STM32CubeIDE.app/Contents/Eclipse/plugins/com.st.stm32cube.ide.mcu.externaltools.gnu-tools-for-stm32.13.3.rel1.macos64_1.0.0.202411102158/tools/bin/../lib/gcc/arm-none-eabi/13.3.1/../../../../arm-none-eabi/lib/thumb/v7e-m+fp/hard/libc_nano.a(libc_a-calloc.o) (_calloc_r)
/Applications/STM32CubeIDE.app/Contents/Eclipse/plugins/com.st.stm32cube.ide.mcu.externaltools.gnu-tools-for-stm32.13.3.rel1.macos64_1.0.0.202411102158/tools/bin/../lib/gcc/arm-none-eabi/13.3.1/../../../../arm-none-eabi/lib/thumb/v7e-m+fp/hard/libc_nano.a(libc_a-exit.o)
                              /Applications/STM32CubeIDE.app/Contents/Eclipse/plugins/com.st.stm32cube.ide.mcu.externaltools.gnu-tools-for-stm32.13.3.rel1.macos64_1.0.0.202411102158/tools/bin/../lib/gcc/arm-none-eabi/13.3.1/../../../../arm-none-eabi/lib/thumb/v7e-m+fp/hard/crt0.o (exit)
/Applications/STM32CubeIDE.app/Contents/Eclipse/plugins/com.st.stm32cube.ide.mcu.externaltools.gnu-tools-for-stm32.13.3.rel1.macos64_1.0.0.202411102158/tools/bin/../lib/gcc/arm-none-eabi/13.3.1/../../../../arm-none-eabi/lib/thumb/v7e-m+fp/hard/libc_nano.a(libc_a-nano-vfprintf_float.o)
                              (_printf_float)
/Applications/STM32CubeIDE.app/Contents/Eclipse/plugins/com.st.stm32cube.ide.mcu.externaltools.gnu-tools-for-stm32.13.3.rel1.macos64_1.0.0.202411102158/tools/bin/../lib/gcc/arm-none-eabi/13.3.1/../../../../arm-none-eabi/lib/thumb/v7e-m+fp/hard/libc_nano.a(libc_a-malloc.o)
                              ./ADBMS6830/lib/src/adBms6830GenericType.o (free)
/Applications/STM32CubeIDE.app/Contents/Eclipse/plugins/com.st.stm32cube.ide.mcu.externaltools.gnu-tools-for-stm32.13.3.rel1.macos64_1.0.0.202411102158/tools/bin/../lib/gcc/arm-none-eabi/13.3.1/../../../../arm-none-eabi/lib/thumb/v7e-m+fp/hard/libc_nano.a(libc_a-mallocr.o)
                              /Applications/STM32CubeIDE.app/Contents/Eclipse/plugins/com.st.stm32cube.ide.mcu.externaltools.gnu-tools-for-stm32.13.3.rel1.macos64_1.0.0.202411102158/tools/bin/../lib/gcc/arm-none-eabi/13.3.1/../../../../arm-none-eabi/lib/thumb/v7e-m+fp/hard/libc_nano.a(libc_a-callocr.o) (_malloc_r)
/Applications/STM32CubeIDE.app/Contents/Eclipse/plugins/com.st.stm32cube.ide.mcu.externaltools.gnu-tools-for-stm32.13.3.rel1.macos64_1.0.0.202411102158/tools/bin/../lib/gcc/arm-none-eabi/13.3.1/../../../../arm-none-eabi/lib/thumb/v7e-m+fp/hard/libc_nano.a(libc_a-nano-vfprintf_i.o)
                              /Applications/STM32CubeIDE.app/Contents/Eclipse/plugins/com.st.stm32cube.ide.mcu.externaltools.gnu-tools-for-stm32.13.3.rel1.macos64_1.0.0.202411102158/tools/bin/../lib/gcc/arm-none-eabi/13.3.1/../../../../arm-none-eabi/lib/thumb/v7e-m+fp/hard/libc_nano.a(libc_a-nano-vfprintf_float.o) (_printf_common)
/Applications/STM32CubeIDE.app/Contents/Eclipse/plugins/com.st.stm32cube.ide.mcu.externaltools.gnu-tools-for-stm32.13.3.rel1.macos64_1.0.0.202411102158/tools/bin/../lib/gcc/arm-none-eabi/13.3.1/../../../../arm-none-eabi/lib/thumb/v7e-m+fp/hard/libc_nano.a(libc_a-nano-vfscanf_float.o)
                              (_scanf_float)
/Applications/STM32CubeIDE.app/Contents/Eclipse/plugins/com.st.stm32cube.ide.mcu.externaltools.gnu-tools-for-stm32.13.3.rel1.macos64_1.0.0.202411102158/tools/bin/../lib/gcc/arm-none-eabi/13.3.1/../../../../arm-none-eabi/lib/thumb/v7e-m+fp/hard/libc_nano.a(libc_a-mlock.o)
                              /Applications/STM32CubeIDE.app/Contents/Eclipse/plugins/com.st.stm32cube.ide.mcu.externaltools.gnu-tools-for-stm32.13.3.rel1.macos64_1.0.0.202411102158/tools/bin/../lib/gcc/arm-none-eabi/13.3.1/../../../../arm-none-eabi/lib/thumb/v7e-m+fp/hard/libc_nano.a(libc_a-mallocr.o) (__malloc_lock)
/Applications/STM32CubeIDE.app/Contents/Eclipse/plugins/com.st.stm32cube.ide.mcu.externaltools.gnu-tools-for-stm32.13.3.rel1.macos64_1.0.0.202411102158/tools/bin/../lib/gcc/arm-none-eabi/13.3.1/../../../../arm-none-eabi/lib/thumb/v7e-m+fp/hard/libc_nano.a(libc_a-sprintf.o)
                              /Applications/STM32CubeIDE.app/Contents/Eclipse/plugins/com.st.stm32cube.ide.mcu.externaltools.gnu-tools-for-stm32.13.3.rel1.macos64_1.0.0.202411102158/tools/bin/../lib/gcc/arm-none-eabi/13.3.1/../../../../arm-none-eabi/lib/thumb/v7e-m+fp/hard/libc_nano.a(libc_a-nano-vfscanf_float.o) (sprintf)
[...]
Memory Configuration

Name             Origin             Length             Attributes
RAM              0x20000000         0x00020000         xrw
FLASH            0x08000000         0x00080000         xr
*default*        0x00000000         0xffffffff

Linker script and memory map

LOAD /Applications/STM32CubeIDE.app/Contents/Eclipse/plugins/com.st.stm32cube.ide.mcu.externaltools.gnu-tools-for-stm32.13.3.rel1.macos64_1.0.0.202411102158/tools/bin/../lib/gcc/arm-none-eabi/13.3.1/thumb/v7e-m+fp/hard/crti.o
LOAD /Applications/STM32CubeIDE.app/Contents/Eclipse/plugins/com.st.stm32cube.ide.mcu.externaltools.gnu-tools-for-stm32.13.3.rel1.macos64_1.0.0.202411102158/tools/bin/../lib/gcc/arm-none-eabi/13.3.1/thumb/v7e-m+fp/hard/crtbegin.o
LOAD /Applications/STM32CubeIDE.app/Contents/Eclipse/plugins/com.st.stm32cube.ide.mcu.externaltools.gnu-tools-for-stm32.13.3.rel1.macos64_1.0.0.202411102158/tools/bin/../lib/gcc/arm-none-eabi/13.3.1/../../../../arm-none-eabi/lib/thumb/v7e-m+fp/hard/crt0.o
LOAD ./ADBMS6830/lib/src/adBms6830GenericType.o
LOAD ./ADBMS6830/lib/src/adBms6830ParseCreate.o
LOAD ./ADBMS6830/program/src/adBms_Application.o
LOAD ./ADBMS6830/program/src/mcuWrapper.o
LOAD ./ADBMS6830/program/src/serialPrintResult.o
LOAD ./Core/Src/adbms_can_helper.o
LOAD ./Core/Src/can.o
LOAD ./Core/Src/custom_functions.o
LOAD ./Core/Src/main.o
LOAD ./Core/Src/stm32g4xx_hal_msp.o
LOAD ./Core/Src/stm32g4xx_it.o
LOAD ./Core/Src/syscalls.o
LOAD ./Core/Src/sysmem.o
LOAD ./Core/Src/system_stm32g4xx.o
LOAD ./Core/Startup/startup_stm32g474retx.o
LOAD ./Drivers/STM32G4xx_HAL_Driver/Src/stm32g4xx_hal.o
LOAD ./Drivers/STM32G4xx_HAL_Driver/Src/stm32g4xx_hal_adc.o
LOAD ./Drivers/STM32G4xx_HAL_Driver/Src/stm32g4xx_hal_adc_ex.o
LOAD ./Drivers/STM32G4xx_HAL_Driver/Src/stm32g4xx_hal_cortex.o
LOAD ./Drivers/STM32G4xx_HAL_Driver/Src/stm32g4xx_hal_dma.o
LOAD ./Drivers/STM32G4xx_HAL_Driver/Src/stm32g4xx_hal_dma_ex.o
LOAD ./Drivers/STM32G4xx_HAL_Driver/Src/stm32g4xx_hal_exti.o
LOAD ./Drivers/STM32G4xx_HAL_Driver/Src/stm32g4xx_hal_fdcan.o
LOAD ./Drivers/STM32G4xx_HAL_Driver/Src/stm32g4xx_hal_flash.o
LOAD ./Drivers/STM32G4xx_HAL_Driver/Src/stm32g4xx_hal_flash_ex.o
LOAD ./Drivers/STM32G4xx_HAL_Driver/Src/stm32g4xx_hal_flash_ramfunc.o
LOAD ./Drivers/STM32G4xx_HAL_Driver/Src/stm32g4xx_hal_gpio.o
LOAD ./Drivers/STM32G4xx_HAL_Driver/Src/stm32g4xx_hal_i2c.o
LOAD ./Drivers/STM32G4xx_HAL_Driver/Src/stm32g4xx_hal_i2c_ex.o
LOAD ./Drivers/STM32G4xx_HAL_Driver/Src/stm32g4xx_hal_pwr.o
LOAD ./Drivers/STM32G4xx_HAL_Driver/Src/stm32g4xx_hal_pwr_ex.o
LOAD ./Drivers/STM32G4xx_HAL_Driver/Src/stm32g4xx_hal_rcc.o
LOAD ./Drivers/STM32G4xx_HAL_Driver/Src/stm32g4xx_hal_rcc_ex.o
LOAD ./Drivers/STM32G4xx_HAL_Driver/Src/stm32g4xx_hal_rtc.o
LOAD ./Drivers/STM32G4xx_HAL_Driver/Src/stm32g4xx_hal_rtc_ex.o
LOAD ./Drivers/STM32G4xx_HAL_Driver/Src/stm32g4xx_hal_spi.o
LOAD ./Drivers/STM32G4xx_HAL_Driver/Src/stm32g4xx_hal_spi_ex.o
LOAD ./Drivers/STM32G4xx_HAL_Driver/Src/stm32g4xx_hal_tim.o
LOAD ./Drivers/STM32G4xx_HAL_Driver/Src/stm32g4xx_hal_tim_ex.o
LOAD ./Drivers/STM32G4xx_HAL_Driver/Src/stm32g4xx_hal_uart.o
LOAD ./Drivers/STM32G4xx_HAL_Driver/Src/stm32g4xx_hal_uart_ex.o
LOAD ./Drivers/STM32G4xx_HAL_Driver/Src/stm32g4xx_ll_adc.o
START GROUP
LOAD /Applications/STM32CubeIDE.app/Contents/Eclipse/plugins/com.st.stm32cube.ide.mcu.externaltools.gnu-tools-for-stm32.13.3.rel1.macos64_1.0.0.202411102158/tools/bin/../lib/gcc/arm-none-eabi/13.3.1/../../../../arm-none-eabi/lib/thumb/v7e-m+fp/hard/libc_nano.a
LOAD /Applications/STM32CubeIDE.app/Contents/Eclipse/plugins/com.st.stm32cube.ide.mcu.externaltools.gnu-tools-for-stm32.13.3.rel1.macos64_1.0.0.202411102158/tools/bin/../lib/gcc/arm-none-eabi/13.3.1/../../../../arm-none-eabi/lib/thumb/v7e-m+fp/hard/libm.a
END GROUP
START GROUP
LOAD /Applications/STM32CubeIDE.app/Contents/Eclipse/plugins/com.st.stm32cube.ide.mcu.externaltools.gnu-tools-for-stm32.13.3.rel1.macos64_1.0.0.202411102158/tools/bin/../lib/gcc/arm-none-eabi/13.3.1/thumb/v7e-m+fp/hard/libgcc.a
LOAD /Applications/STM32CubeIDE.app/Contents/Eclipse/plugins/com.st.stm32cube.ide.mcu.externaltools.gnu-tools-for-stm32.13.3.rel1.macos64_1.0.0.202411102158/tools/bin/../lib/gcc/arm-none-eabi/13.3.1/../../../../arm-none-eabi/lib/thumb/v7e-m+fp/hard/libc_nano.a
END GROUP
START GROUP
LOAD /Applications/STM32CubeIDE.app/Contents/Eclipse/plugins/com.st.stm32cube.ide.mcu.externaltools.gnu-tools-for-stm32.13.3.rel1.macos64_1.0.0.202411102158/tools/bin/../lib/gcc/arm-none-eabi/13.3.1/thumb/v7e-m+fp/hard/libgcc.a
LOAD /Applications/STM32CubeIDE.app/Contents/Eclipse/plugins/com.st.stm32cube.ide.mcu.externaltools.gnu-tools-for-stm32.13.3.rel1.macos64_1.0.0.202411102158/tools/bin/../lib/gcc/arm-none-eabi/13.3.1/../../../../arm-none-eabi/lib/thumb/v7e-m+fp/hard/libc_nano.a
LOAD /Applications/STM32CubeIDE.app/Contents/Eclipse/plugins/com.st.stm32cube.ide.mcu.externaltools.gnu-tools-for-stm32.13.3.rel1.macos64_1.0.0.202411102158/tools/bin/../lib/gcc/arm-none-eabi/13.3.1/../../../../arm-none-eabi/lib/thumb/v7e-m+fp/hard/libnosys.a
END GROUP
START GROUP
LOAD /Applications/STM32CubeIDE.app/Contents/Eclipse/plugins/com.st.stm32cube.ide.mcu.externaltools.gnu-tools-for-stm32.13.3.rel1.macos64_1.0.0.202411102158/tools/bin/../lib/gcc/arm-none-eabi/13.3.1/thumb/v7e-m+fp/hard/libgcc.a
LOAD /Applications/STM32CubeIDE.app/Contents/Eclipse/plugins/com.st.stm32cube.ide.mcu.externaltools.gnu-tools-for-stm32.13.3.rel1.macos64_1.0.0.202411102158/tools/bin/../lib/gcc/arm-none-eabi/13.3.1/../../../../arm-none-eabi/lib/thumb/v7e-m+fp/hard/libc_nano.a
LOAD /Applications/STM32CubeIDE.app/Contents/Eclipse/plugins/com.st.stm32cube.ide.mcu.externaltools.gnu-tools-for-stm32.13.3.rel1.macos64_1.0.0.202411102158/tools/bin/../lib/gcc/arm-none-eabi/13.3.1/../../../../arm-none-eabi/lib/thumb/v7e-m+fp/hard/libnosys.a
END GROUP
LOAD /Applications/STM32CubeIDE.app/Contents/Eclipse/plugins/com.st.stm32cube.ide.mcu.externaltools.gnu-tools-for-stm32.13.3.rel1.macos64_1.0.0.202411102158/tools/bin/../lib/gcc/arm-none-eabi/13.3.1/thumb/v7e-m+fp/hard/crtend.o
LOAD /Applications/STM32CubeIDE.app/Contents/Eclipse/plugins/com.st.stm32cube.ide.mcu.externaltools.gnu-tools-for-stm32.13.3.rel1.macos64_1.0.0.202411102158/tools/bin/../lib/gcc/arm-none-eabi/13.3.1/thumb/v7e-m+fp/hard/crtn.o
                0x20020000                        _estack = (ORIGIN (RAM) + LENGTH (RAM))
                0x00000200                        _Min_Heap_Size = 0x200
                0x00000400                        _Min_Stack_Size = 0x400

.isr_vector     0x08000000      0x1d8
                0x08000000                        . = ALIGN (0x4)
 *(.isr_vector)
 .isr_vector    0x08000000      0x1d8 ./Core/Startup/startup_stm32g474retx.o
                0x08000000                g_pfnVectors
                0x080001d8                        . = ALIGN (0x4)

.text           0x080001e0    0x169d8
                0x080001e0                        . = ALIGN (0x4)
 *(.text)
 .text          0x080001e0       0xa0 /Applications/STM32CubeIDE.app/Contents/Eclipse/plugins/com.st.stm32cube.ide.mcu.externaltools.gnu-tools-for-stm32.13.3.rel1.macos64_1.0.0.202411102158/tools/bin/../lib/gcc/arm-none-eabi/13.3.1/../../../../arm-none-eabi/lib/thumb/v7e-m+fp/hard/libc_nano.a(libc_a-memchr.o)
                0x080001e0                memchr
 .text          0x08000280       0x10 /Applications/STM32CubeIDE.app/Contents/Eclipse/plugins/com.st.stm32cube.ide.mcu.externaltools.gnu-tools-for-stm32.13.3.rel1.macos64_1.0.0.202411102158/tools/bin/../lib/gcc/arm-none-eabi/13.3.1/../../../../arm-none-eabi/lib/thumb/v7e-m+fp/hard/libc_nano.a(libc_a-strlen.o)
                0x08000280                strlen
 .text          0x08000290      0x378 /Applications/STM32CubeIDE.app/Contents/Eclipse/plugins/com.st.stm32cube.ide.mcu.externaltools.gnu-tools-for-stm32.13.3.rel1.macos64_1.0.0.202411102158/tools/bin/../lib/gcc/arm-none-eabi/13.3.1/thumb/v7e-m+fp/hard/libgcc.a(_arm_addsubdf3.o)
                0x08000290                __aeabi_drsub
                0x08000298                __subdf3
                0x08000298                __aeabi_dsub
                0x0800029c                __aeabi_dadd
                0x0800029c                __adddf3
                0x08000514                __aeabi_ui2d
                0x08000514                __floatunsidf
                0x08000534                __floatsidf
                0x08000534                __aeabi_i2d
                0x08000558                __extendsfdf2
                0x08000558                __aeabi_f2d
                0x0800059c                __aeabi_ul2d
                0x0800059c                __floatundidf
                0x080005ac                __aeabi_l2d
                0x080005ac                __floatdidf
 .text          0x08000608      0x424 /Applications/STM32CubeIDE.app/Contents/Eclipse/plugins/com.st.stm32cube.ide.mcu.externaltools.gnu-tools-for-stm32.13.3.rel1.macos64_1.0.0.202411102158/tools/bin/../lib/gcc/arm-none-eabi/13.3.1/thumb/v7e-m+fp/hard/libgcc.a(_arm_muldivdf3.o)
                0x08000608                __aeabi_dmul
                0x08000608                __muldf3
                0x0800085c                __aeabi_ddiv
                0x0800085c                __divdf3
 .text          0x08000a2c      0x110 /Applications/STM32CubeIDE.app/Contents/Eclipse/plugins/com.st.stm32cube.ide.mcu.externaltools.gnu-tools-for-stm32.13.3.rel1.macos64_1.0.0.202411102158/tools/bin/../lib/gcc/arm-none-eabi/13.3.1/thumb/v7e-m+fp/hard/libgcc.a(_arm_cmpdf2.o)
                0x08000a2c                __gedf2
                0x08000a2c                __gtdf2
                0x08000a34                __ledf2
                0x08000a34                __ltdf2
                0x08000a3c                __cmpdf2
                0x08000a3c                __eqdf2
                0x08000a3c                __nedf2
                0x08000ab8                __aeabi_cdrcmple
                0x08000ac8                __aeabi_cdcmple
                0x08000ac8                __aeabi_cdcmpeq
                0x08000ad8                __aeabi_dcmpeq
                0x08000aec                __aeabi_dcmplt
                0x08000b00                __aeabi_dcmple
                0x08000b14                __aeabi_dcmpge
                0x08000b28                __aeabi_dcmpgt
 .text          0x08000b3c       0x2c /Applications/STM32CubeIDE.app/Contents/Eclipse/plugins/com.st.stm32cube.ide.mcu.externaltools.gnu-tools-for-stm32.13.3.rel1.macos64_1.0.0.202411102158/tools/bin/../lib/gcc/arm-none-eabi/13.3.1/thumb/v7e-m+fp/hard/libgcc.a(_arm_unorddf2.o)
                0x08000b3c                __aeabi_dcmpun
                0x08000b3c                __unorddf2
 .text          0x08000b68       0x50 /Applications/STM32CubeIDE.app/Contents/Eclipse/plugins/com.st.stm32cube.ide.mcu.externaltools.gnu-tools-for-stm32.13.3.rel1.macos64_1.0.0.202411102158/tools/bin/../lib/gcc/arm-none-eabi/13.3.1/thumb/v7e-m+fp/hard/libgcc.a(_arm_fixdfsi.o)
                0x08000b68                __fixdfsi
                0x08000b68                __aeabi_d2iz
 .text          0x08000bb8       0x40 /Applications/STM32CubeIDE.app/Contents/Eclipse/plugins/com.st.stm32cube.ide.mcu.externaltools.gnu-tools-for-stm32.13.3.rel1.macos64_1.0.0.202411102158/tools/bin/../lib/gcc/arm-none-eabi/13.3.1/thumb/v7e-m+fp/hard/libgcc.a(_arm_fixunsdfsi.o)
                0x08000bb8                __fixunsdfsi
                0x08000bb8                __aeabi_d2uiz
 .text          0x08000bf8       0xa0 /Applications/STM32CubeIDE.app/Contents/Eclipse/plugins/com.st.stm32cube.ide.mcu.externaltools.gnu-tools-for-stm32.13.3.rel1.macos64_1.0.0.202411102158/tools/bin/../lib/gcc/arm-none-eabi/13.3.1/thumb/v7e-m+fp/hard/libgcc.a(_arm_truncdfsf2.o)
                0x08000bf8                __aeabi_d2f
                0x08000bf8                __truncdfsf2
 .text          0x08000c98       0x30 /Applications/STM32CubeIDE.app/Contents/Eclipse/plugins/com.st.stm32cube.ide.mcu.externaltools.gnu-tools-for-stm32.13.3.rel1.macos64_1.0.0.202411102158/tools/bin/../lib/gcc/arm-none-eabi/13.3.1/thumb/v7e-m+fp/hard/libgcc.a(_aeabi_uldivmod.o)
                0x08000c98                __aeabi_uldivmod
 .text          0x08000cc8       0x30 /Applications/STM32CubeIDE.app/Contents/Eclipse/plugins/com.st.stm32cube.ide.mcu.externaltools.gnu-tools-for-stm32.13.3.rel1.macos64_1.0.0.202411102158/tools/bin/../lib/gcc/arm-none-eabi/13.3.1/thumb/v7e-m+fp/hard/libgcc.a(_fixdfdi.o)
                0x08000cc8                __aeabi_d2lz
                0x08000cc8                __fixdfdi
 .text          0x08000cf8       0x3c /Applications/STM32CubeIDE.app/Contents/Eclipse/plugins/com.st.stm32cube.ide.mcu.externaltools.gnu-tools-for-stm32.13.3.rel1.macos64_1.0.0.202411102158/tools/bin/../lib/gcc/arm-none-eabi/13.3.1/thumb/v7e-m+fp/hard/libgcc.a(_fixunsdfdi.o)
                0x08000cf8                __aeabi_d2ulz
                0x08000cf8                __fixunsdfdi
 .text          0x08000d34      0x2f8 /Applications/STM32CubeIDE.app/Contents/Eclipse/plugins/com.st.stm32cube.ide.mcu.externaltools.gnu-tools-for-stm32.13.3.rel1.macos64_1.0.0.202411102158/tools/bin/../lib/gcc/arm-none-eabi/13.3.1/thumb/v7e-m+fp/hard/libgcc.a(_udivmoddi4.o)
                0x08000d34                __udivmoddi4
 .text          0x0800102c        0x4 /Applications/STM32CubeIDE.app/Contents/Eclipse/plugins/com.st.stm32cube.ide.mcu.externaltools.gnu-tools-for-stm32.13.3.rel1.macos64_1.0.0.202411102158/tools/bin/../lib/gcc/arm-none-eabi/13.3.1/thumb/v7e-m+fp/hard/libgcc.a(_dvmd_tls.o)
                0x0800102c                __aeabi_ldiv0
                0x0800102c                __aeabi_idiv0
 *(.text*)
 .text.Pec15_Calc
                0x08001030       0x68 ./ADBMS6830/lib/src/adBms6830GenericType.o
                0x08001030                Pec15_Calc
 .text.pec10_calc
                0x08001098       0xd8 ./ADBMS6830/lib/src/adBms6830GenericType.o
                0x08001098                pec10_calc
 .text.spiSendCmd
                0x08001170       0x50 ./ADBMS6830/lib/src/adBms6830GenericType.o
                0x08001170                spiSendCmd
 .text.spiReadData
                0x080011c0      0x210 ./ADBMS6830/lib/src/adBms6830GenericType.o
                0x080011c0                spiReadData
 .text.adBmsReadData
                0x080013d0      0xa70 ./ADBMS6830/lib/src/adBms6830GenericType.o
                0x080013d0                adBmsReadData
 .text.spiWriteData
                0x08001e40      0x188 ./ADBMS6830/lib/src/adBms6830GenericType.o
                0x08001e40                spiWriteData
 .text.adBmsWriteData
                0x08001fc8      0x350 ./ADBMS6830/lib/src/adBms6830GenericType.o
                0x08001fc8                adBmsWriteData
 .text.adBms6830_Adcv
                0x08002318       0x66 ./ADBMS6830/lib/src/adBms6830GenericType.o
                0x08002318                adBms6830_Adcv
 .text.adBms6830_Snap
                0x0800237e       0x1e ./ADBMS6830/lib/src/adBms6830GenericType.o
                0x0800237e                adBms6830_Snap
 .text.adBms6830_Unsnap
                0x0800239c       0x1e ./ADBMS6830/lib/src/adBms6830GenericType.o
                0x0800239c                adBms6830_Unsnap
 .text.adBms6830_Adax
                0x080023ba       0x58 ./ADBMS6830/lib/src/adBms6830GenericType.o
                0x080023ba                adBms6830_Adax
 *fill*         0x08002412        0x6 
 .text.SetOverVoltageThreshold
                0x08002418       0x80 ./ADBMS6830/lib/src/adBms6830ParseCreate.o
                0x08002418                SetOverVoltageThreshold
 .text.SetUnderVoltageThreshold
                0x08002498       0x80 ./ADBMS6830/lib/src/adBms6830ParseCreate.o
                0x08002498                SetUnderVoltageThreshold
 .text.ConfigB_DccBits
                0x08002518       0x28 ./ADBMS6830/lib/src/adBms6830ParseCreate.o
                0x08002518                ConfigB_DccBits
 .text.adBms6830ParseConfiga
                0x08002540      0x294 ./ADBMS6830/lib/src/adBms6830ParseCreate.o
                0x08002540                adBms6830ParseConfiga
 .text.adBms6830ParseConfigb
                0x080027d4      0x1be ./ADBMS6830/lib/src/adBms6830ParseCreate.o
                0x080027d4                adBms6830ParseConfigb
 .text.adBms6830ParseConfig
                0x08002992       0x42 ./ADBMS6830/lib/src/adBms6830ParseCreate.o
                0x08002992                adBms6830ParseConfig
 .text.adBms6830ParseCell
                0x080029d4      0x5b8 ./ADBMS6830/lib/src/adBms6830ParseCreate.o
                0x080029d4                adBms6830ParseCell
 .text.adBms6830ParseAverageCell
                0x08002f8c      0x5f8 ./ADBMS6830/lib/src/adBms6830ParseCreate.o
                0x08002f8c                adBms6830ParseAverageCell
 .text.adBms6830ParseSCell
                0x08003584      0x5f8 ./ADBMS6830/lib/src/adBms6830ParseCreate.o
                0x08003584                adBms6830ParseSCell
 .text.adBms6830ParseFCell
                0x08003b7c      0x5f8 ./ADBMS6830/lib/src/adBms6830ParseCreate.o
                0x08003b7c                adBms6830ParseFCell
 .text.adBms6830ParseAux
                0x08004174      0x4a0 ./ADBMS6830/lib/src/adBms6830ParseCreate.o
                0x08004174                adBms6830ParseAux
 .text.adBms6830ParseRAux
                0x08004614      0x3f8 ./ADBMS6830/lib/src/adBms6830ParseCreate.o
                0x08004614                adBms6830ParseRAux
 .text.adBms6830ParseStatusA
                0x08004a0c      0x128 ./ADBMS6830/lib/src/adBms6830ParseCreate.o
                0x08004a0c                adBms6830ParseStatusA
 .text.adBms6830ParseStatusB
                0x08004b34      0x11a ./ADBMS6830/lib/src/adBms6830ParseCreate.o
                0x08004b34                adBms6830ParseStatusB
 .text.adBms6830ParseStatusC
                0x08004c4e      0x3fc ./ADBMS6830/lib/src/adBms6830ParseCreate.o
                0x08004c4e                adBms6830ParseStatusC
 .text.adBms6830ParseStatusD
                0x0800504a      0x684 ./ADBMS6830/lib/src/adBms6830ParseCreate.o
                0x0800504a                adBms6830ParseStatusD
 .text.adBms6830ParseStatusE
                0x080056ce       0xe8 ./ADBMS6830/lib/src/adBms6830ParseCreate.o
                0x080056ce                adBms6830ParseStatusE
 *fill*         0x080057b6        0x2 
 .text.adBms6830ParseStatus
                0x080057b8       0xf4 ./ADBMS6830/lib/src/adBms6830ParseCreate.o
                0x080057b8                adBms6830ParseStatus
 .text.adBms6830ParseComm
                0x080058ac      0x1be ./ADBMS6830/lib/src/adBms6830ParseCreate.o
                0x080058ac                adBms6830ParseComm
 .text.adBms6830ParseSID
                0x08005a6a      0x134 ./ADBMS6830/lib/src/adBms6830ParseCreate.o
                0x08005a6a                adBms6830ParseSID
 .text.adBms6830ParsePwma
                0x08005b9e      0x248 ./ADBMS6830/lib/src/adBms6830ParseCreate.o
                0x08005b9e                adBms6830ParsePwma
 .text.adBms6830ParsePwmb
                0x08005de6       0xfe ./ADBMS6830/lib/src/adBms6830ParseCreate.o
                0x08005de6                adBms6830ParsePwmb
 .text.adBms6830ParsePwm
                0x08005ee4       0x42 ./ADBMS6830/lib/src/adBms6830ParseCreate.o
                0x08005ee4                adBms6830ParsePwm
 .text.adBms6830CreateConfiga
                0x08005f26      0x220 ./ADBMS6830/lib/src/adBms6830ParseCreate.o
                0x08005f26                adBms6830CreateConfiga
 .text.adBms6830CreateConfigb
                0x08006146      0x184 ./ADBMS6830/lib/src/adBms6830ParseCreate.o
                0x08006146                adBms6830CreateConfigb
 .text.adBms6830CreateClrflagData
                0x080062ca      0x29c ./ADBMS6830/lib/src/adBms6830ParseCreate.o
                0x080062ca                adBms6830CreateClrflagData
 .text.adBms6830CreateComm
                0x08006566      0x17a ./ADBMS6830/lib/src/adBms6830ParseCreate.o
                0x08006566                adBms6830CreateComm
 .text.adBms6830CreatePwma
                0x080066e0      0x1ec ./ADBMS6830/lib/src/adBms6830ParseCreate.o
                0x080066e0                adBms6830CreatePwma
 .text.adBms6830CreatePwmb
                0x080068cc       0xc2 ./ADBMS6830/lib/src/adBms6830ParseCreate.o
                0x080068cc                adBms6830CreatePwmb
 *fill*         0x0800698e        0x2 
 .text.adbms_main
                0x08006990      0x430 ./ADBMS6830/program/src/adBms_Application.o
                0x08006990                adbms_main
 .text.adBms6830_init_config
                0x08006dc0       0xd0 ./ADBMS6830/program/src/adBms_Application.o
                0x08006dc0                adBms6830_init_config
 .text.adBms6830_start_adc_cell_voltage_measurment
                0x08006e90       0x2a ./ADBMS6830/program/src/adBms_Application.o
                0x08006e90                adBms6830_start_adc_cell_voltage_measurment
 *fill*         0x08006eba        0x2 
 .text.adBms6830_read_cell_voltages
                0x08006ebc       0xac ./ADBMS6830/program/src/adBms_Application.o
                0x08006ebc                adBms6830_read_cell_voltages
 .text.adBms6830_start_aux_voltage_measurment
                0x08006f68       0x80 ./ADBMS6830/program/src/adBms_Application.o
                0x08006f68                adBms6830_start_aux_voltage_measurment
 .text.adBms6830_read_aux_voltages
                0x08006fe8       0x84 ./ADBMS6830/program/src/adBms_Application.o
                0x08006fe8                adBms6830_read_aux_voltages
 *fill*         0x0800706c        0x4 
 .text.balanceCells
                0x08007070      0x1dc ./ADBMS6830/program/src/adBms_Application.o
                0x08007070                balanceCells
 .text.stopBalancing
                0x0800724c       0xdc ./ADBMS6830/program/src/adBms_Application.o
                0x0800724c                stopBalancing
 .text.Delay_ms
                0x08007328       0x16 ./ADBMS6830/program/src/mcuWrapper.o
                0x08007328                Delay_ms
 *fill*         0x0800733e        0x2 
 .text.adBmsCsLow
                0x08007340       0x18 ./ADBMS6830/program/src/mcuWrapper.o
                0x08007340                adBmsCsLow
 .text.adBmsCsHigh
                0x08007358       0x18 ./ADBMS6830/program/src/mcuWrapper.o
                0x08007358                adBmsCsHigh
 .text.spiWriteBytes
                0x08007370       0x28 ./ADBMS6830/program/src/mcuWrapper.o
                0x08007370                spiWriteBytes
 .text.spiWriteReadBytes
                0x08007398       0x3c ./ADBMS6830/program/src/mcuWrapper.o
                0x08007398                spiWriteReadBytes
 .text.adBmsWakeupIc
                0x080073d4       0x3c ./ADBMS6830/program/src/mcuWrapper.o
                0x080073d4                adBmsWakeupIc
 .text.printVoltages
                0x08007410      0x448 ./ADBMS6830/program/src/serialPrintResult.o
                0x08007410                printVoltages
 .text.printWritePwmDutyCycle
                0x08007858      0x238 ./ADBMS6830/program/src/serialPrintResult.o
                0x08007858                printWritePwmDutyCycle
 .text.printReadPwmDutyCycle
                0x08007a90      0x504 ./ADBMS6830/program/src/serialPrintResult.o
                0x08007a90                printReadPwmDutyCycle
 .text.getVoltage
                0x08007f94       0x40 ./ADBMS6830/program/src/serialPrintResult.o
                0x08007f94                getVoltage
 .text.populate_CAN1
                0x08007fd4      0x170 ./Core/Src/adbms_can_helper.o
                0x08007fd4                populate_CAN1
 .text.populate_CAN2
                0x08008144      0x108 ./Core/Src/adbms_can_helper.o
                0x08008144                populate_CAN2
 .text.populate_CAN3
                0x0800824c       0xa8 ./Core/Src/adbms_can_helper.o
                0x0800824c                populate_CAN3
 .text.populate_charge_CAN
                0x080082f4      0x194 ./Core/Src/adbms_can_helper.o
                0x080082f4                populate_charge_CAN
 .text.CANTransmitMinion
                0x08008488       0x40 ./Core/Src/can.o
                0x08008488                CANTransmitMinion
 .text.init_FDCAN_header
                0x080084c8       0x4c ./Core/Src/can.o
                0x080084c8                init_FDCAN_header
 .text.init_FDCAN_header_EXTENDED
                0x08008514       0x4e ./Core/Src/can.o
                0x08008514                init_FDCAN_header_EXTENDED
 *fill*         0x08008562        0x2 
 .text.FDCAN_BMS_Mailman
                0x08008564      0x1d0 ./Core/Src/can.o
                0x08008564                FDCAN_BMS_Mailman
 .text.BMS_SetCellFault
                0x08008734      0x1a8 ./Core/Src/custom_functions.o
                0x08008734                BMS_SetCellFault
 .text.BMS_ClearCellFault
                0x080088dc      0x150 ./Core/Src/custom_functions.o
                0x080088dc                BMS_ClearCellFault
 .text.BMS_GetFaultCount
                0x08008a2c       0x30 ./Core/Src/custom_functions.o
                0x08008a2c                BMS_GetFaultCount
 .text.print_fault_summary
                0x08008a5c      0x14c ./Core/Src/custom_functions.o
                0x08008a5c                print_fault_summary
 .text.populateIC
                0x08008ba8      0x128 ./Core/Src/custom_functions.o
                0x08008ba8                populateIC
 .text.user_adBms6830_cellVoltageFaults
                0x08008cd0      0x3f4 ./Core/Src/custom_functions.o
                0x08008cd0                user_adBms6830_cellVoltageFaults
 .text.user_adBms6830_tempFault
                0x080090c4      0x20c ./Core/Src/custom_functions.o
                0x080090c4                user_adBms6830_tempFault
 .text.user_adBms6830_setFaults
                0x080092d0       0xf8 ./Core/Src/custom_functions.o
                0x080092d0                user_adBms6830_setFaults
 .text.user_adBms6830_getAccyStatus
                0x080093c8       0x6c ./Core/Src/custom_functions.o
                0x080093c8                user_adBms6830_getAccyStatus
 *fill*         0x08009434        0x4 
 .text.getCurrentSensorData
                0x08009438      0x204 ./Core/Src/custom_functions.o
                0x08009438                getCurrentSensorData
 *fill*         0x0800963c        0x4 
 .text.getCurrentVoltage
                0x08009640       0x68 ./Core/Src/custom_functions.o
                0x08009640                getCurrentVoltage
 .text.printFloat
                0x080096a8       0x88 ./Core/Src/custom_functions.o
                0x080096a8                printFloat
 .text.getPackVoltage
                0x08009730       0xec ./Core/Src/custom_functions.o
                0x08009730                getPackVoltage
 .text.updateSOC
                0x0800981c      0x1c0 ./Core/Src/custom_functions.o
                0x0800981c                updateSOC
 .text.fanPWMControl
                0x080099dc      0x2b0 ./Core/Src/custom_functions.o
                0x080099dc                fanPWMControl
 .text.interpolate
                0x08009c8c      0x14e ./Core/Src/custom_functions.o
                0x08009c8c                interpolate
 *fill*         0x08009dda        0x2 
 .text.voltagetoSOC
                0x08009ddc       0x30 ./Core/Src/custom_functions.o
                0x08009ddc                voltagetoSOC
 .text.calcDCL  0x08009e0c       0x30 ./Core/Src/custom_functions.o
                0x08009e0c                calcDCL
 .text.calcCCL  0x08009e3c       0x30 ./Core/Src/custom_functions.o
                0x08009e3c                calcCCL
 .text.main     0x08009e6c      0x164 ./Core/Src/main.o
                0x08009e6c                main
 .text.SystemClock_Config
                0x08009fd0       0x9a ./Core/Src/main.o
                0x08009fd0                SystemClock_Config
 *fill*         0x0800a06a        0x2 
 .text.MX_ADC1_Init
                0x0800a06c       0xf0 ./Core/Src/main.o
 .text.MX_ADC2_Init
                0x0800a15c       0xcc ./Core/Src/main.o
 .text.MX_FDCAN2_Init
                0x0800a228       0x9c ./Core/Src/main.o
 .text.MX_I2C1_Init
                0x0800a2c4       0x80 ./Core/Src/main.o
 .text.MX_LPUART1_UART_Init
                0x0800a344       0x94 ./Core/Src/main.o
 .text.MX_RTC_Init
                0x0800a3d8       0x58 ./Core/Src/main.o
 .text.MX_SPI1_Init
                0x0800a430       0x7c ./Core/Src/main.o
 .text.MX_TIM1_Init
                0x0800a4ac      0x128 ./Core/Src/main.o
 .text.MX_TIM2_Init
                0x0800a5d4       0x9c ./Core/Src/main.o
 .text.MX_TIM3_Init
                0x0800a670       0xb4 ./Core/Src/main.o
 .text.MX_TIM8_Init
                0x0800a724       0xa8 ./Core/Src/main.o
 .text.MX_GPIO_Init
                0x0800a7cc      0x15c ./Core/Src/main.o
 .text.__io_putchar
                0x0800a928       0x24 ./Core/Src/main.o
                0x0800a928                __io_putchar
 .text.__io_getchar
                0x0800a94c       0x3c ./Core/Src/main.o
                0x0800a94c                __io_getchar
 .text.HAL_FDCAN_RxFifo0Callback
                0x0800a988       0x54 ./Core/Src/main.o
                0x0800a988                HAL_FDCAN_RxFifo0Callback
 .text.Error_Handler
                0x0800a9dc        0xc ./Core/Src/main.o
                0x0800a9dc                Error_Handler
 .text.HAL_MspInit
                0x0800a9e8       0x48 ./Core/Src/stm32g4xx_hal_msp.o
                0x0800a9e8                HAL_MspInit
 .text.HAL_ADC_MspInit
                0x0800aa30      0x148 ./Core/Src/stm32g4xx_hal_msp.o
                0x0800aa30                HAL_ADC_MspInit
 .text.HAL_FDCAN_MspInit
                0x0800ab78       0xc8 ./Core/Src/stm32g4xx_hal_msp.o
                0x0800ab78                HAL_FDCAN_MspInit
 .text.HAL_FDCAN_MspDeInit
                0x0800ac40       0x44 ./Core/Src/stm32g4xx_hal_msp.o
                0x0800ac40                HAL_FDCAN_MspDeInit
 .text.HAL_I2C_MspInit
                0x0800ac84       0xb4 ./Core/Src/stm32g4xx_hal_msp.o
                0x0800ac84                HAL_I2C_MspInit
 .text.HAL_UART_MspInit
                0x0800ad38       0xb0 ./Core/Src/stm32g4xx_hal_msp.o
                0x0800ad38                HAL_UART_MspInit
 .text.HAL_RTC_MspInit
                0x0800ade8       0x78 ./Core/Src/stm32g4xx_hal_msp.o
                0x0800ade8                HAL_RTC_MspInit
 .text.HAL_SPI_MspInit
                0x0800ae60       0x84 ./Core/Src/stm32g4xx_hal_msp.o
                0x0800ae60                HAL_SPI_MspInit
 .text.HAL_TIM_PWM_MspInit
                0x0800aee4       0x68 ./Core/Src/stm32g4xx_hal_msp.o
                0x0800aee4                HAL_TIM_PWM_MspInit
 .text.HAL_TIM_Base_MspInit
                0x0800af4c       0x64 ./Core/Src/stm32g4xx_hal_msp.o
                0x0800af4c                HAL_TIM_Base_MspInit
 .text.HAL_TIM_MspPostInit
                0x0800afb0       0xbc ./Core/Src/stm32g4xx_hal_msp.o
                0x0800afb0                HAL_TIM_MspPostInit
 .text.NMI_Handler
                0x0800b06c        0x8 ./Core/Src/stm32g4xx_it.o
                0x0800b06c                NMI_Handler
 .text.HardFault_Handler
                0x0800b074        0x8 ./Core/Src/stm32g4xx_it.o
                0x0800b074                HardFault_Handler
 .text.MemManage_Handler
                0x0800b07c        0x8 ./Core/Src/stm32g4xx_it.o
                0x0800b07c                MemManage_Handler
 .text.BusFault_Handler
                0x0800b084        0x8 ./Core/Src/stm32g4xx_it.o
                0x0800b084                BusFault_Handler
 .text.UsageFault_Handler
                0x0800b08c        0x8 ./Core/Src/stm32g4xx_it.o
                0x0800b08c                UsageFault_Handler
 .text.SVC_Handler
                0x0800b094        0xe ./Core/Src/stm32g4xx_it.o
                0x0800b094                SVC_Handler
 .text.DebugMon_Handler
                0x0800b0a2        0xe ./Core/Src/stm32g4xx_it.o
                0x0800b0a2                DebugMon_Handler
 .text.PendSV_Handler
                0x0800b0b0        0xe ./Core/Src/stm32g4xx_it.o
                0x0800b0b0                PendSV_Handler
 .text.SysTick_Handler
                0x0800b0be        0xc ./Core/Src/stm32g4xx_it.o
                0x0800b0be                SysTick_Handler
 *fill*         0x0800b0ca        0x2 
 .text.FDCAN2_IT0_IRQHandler
                0x0800b0cc       0x14 ./Core/Src/stm32g4xx_it.o
                0x0800b0cc                FDCAN2_IT0_IRQHandler
 .text._getpid  0x0800b0e0       0x10 ./Core/Src/syscalls.o
                0x0800b0e0                _getpid
 .text._kill    0x0800b0f0       0x20 ./Core/Src/syscalls.o
                0x0800b0f0                _kill
 .text._exit    0x0800b110       0x16 ./Core/Src/syscalls.o
                0x0800b110                _exit
 .text._read    0x0800b126       0x3a ./Core/Src/syscalls.o
                0x0800b126                _read
 .text._write   0x0800b160       0x38 ./Core/Src/syscalls.o
                0x0800b160                _write
 .text._close   0x0800b198       0x18 ./Core/Src/syscalls.o
                0x0800b198                _close
 .text._fstat   0x0800b1b0       0x20 ./Core/Src/syscalls.o
                0x0800b1b0                _fstat
 .text._isatty  0x0800b1d0       0x16 ./Core/Src/syscalls.o
                0x0800b1d0                _isatty
 .text._lseek   0x0800b1e6       0x1a ./Core/Src/syscalls.o
                0x0800b1e6                _lseek
 .text._sbrk    0x0800b200       0x6c ./Core/Src/sysmem.o
                0x0800b200                _sbrk
 .text.SystemInit
                0x0800b26c       0x24 ./Core/Src/system_stm32g4xx.o
                0x0800b26c                SystemInit
 .text.Reset_Handler
                0x0800b290       0x50 ./Core/Startup/startup_stm32g474retx.o
                0x0800b290                Reset_Handler
 .text.Default_Handler
                0x0800b2e0        0x2 ./Core/Startup/startup_stm32g474retx.o
                0x0800b2e0                TIM1_BRK_TIM15_IRQHandler
                0x0800b2e0                EXTI2_IRQHandler
                0x0800b2e0                TIM8_TRG_COM_IRQHandler
                0x0800b2e0                TIM8_CC_IRQHandler
                0x0800b2e0                HRTIM1_Master_IRQHandler
                0x0800b2e0                SPI4_IRQHandler
                0x0800b2e0                FDCAN3_IT0_IRQHandler
                0x0800b2e0                TIM1_CC_IRQHandler
                0x0800b2e0                HRTIM1_FLT_IRQHandler
                0x0800b2e0                HRTIM1_TIMF_IRQHandler
                0x0800b2e0                USB_HP_IRQHandler
                0x0800b2e0                CORDIC_IRQHandler
                0x0800b2e0                HRTIM1_TIMD_IRQHandler
                0x0800b2e0                DMA2_Channel8_IRQHandler
                0x0800b2e0                EXTI3_IRQHandler
                0x0800b2e0                I2C3_ER_IRQHandler
                0x0800b2e0                EXTI0_IRQHandler
                0x0800b2e0                I2C2_EV_IRQHandler
                0x0800b2e0                FPU_IRQHandler
                0x0800b2e0                FDCAN1_IT1_IRQHandler
                0x0800b2e0                TIM1_UP_TIM16_IRQHandler
                0x0800b2e0                ADC1_2_IRQHandler
                0x0800b2e0                HRTIM1_TIME_IRQHandler
                0x0800b2e0                SPI1_IRQHandler
                0x0800b2e0                TIM6_DAC_IRQHandler
                0x0800b2e0                HRTIM1_TIMC_IRQHandler
                0x0800b2e0                TIM8_UP_IRQHandler
                0x0800b2e0                DMA2_Channel2_IRQHandler
                0x0800b2e0                DMA1_Channel4_IRQHandler
                0x0800b2e0                TIM20_TRG_COM_IRQHandler
                0x0800b2e0                USART3_IRQHandler
                0x0800b2e0                DMA1_Channel7_IRQHandler
                0x0800b2e0                UART5_IRQHandler
                0x0800b2e0                ADC3_IRQHandler
                0x0800b2e0                TIM4_IRQHandler
                0x0800b2e0                DMA2_Channel1_IRQHandler
                0x0800b2e0                QUADSPI_IRQHandler
                0x0800b2e0                I2C1_EV_IRQHandler
                0x0800b2e0                DMA1_Channel6_IRQHandler
                0x0800b2e0                UART4_IRQHandler
                0x0800b2e0                DMA2_Channel4_IRQHandler
                0x0800b2e0                TIM3_IRQHandler
                0x0800b2e0                RCC_IRQHandler
                0x0800b2e0                TIM20_UP_IRQHandler
                0x0800b2e0                DMA1_Channel1_IRQHandler
                0x0800b2e0                Default_Handler
                0x0800b2e0                DMA2_Channel7_IRQHandler
                0x0800b2e0                RTC_TAMP_LSECSS_IRQHandler
                0x0800b2e0                FMAC_IRQHandler
                0x0800b2e0                EXTI15_10_IRQHandler
                0x0800b2e0                DMA1_Channel8_IRQHandler
                0x0800b2e0                HRTIM1_TIMA_IRQHandler
                0x0800b2e0                TIM7_DAC_IRQHandler
                0x0800b2e0                FDCAN3_IT1_IRQHandler
                0x0800b2e0                TIM5_IRQHandler
                0x0800b2e0                UCPD1_IRQHandler
                0x0800b2e0                I2C3_EV_IRQHandler
                0x0800b2e0                EXTI9_5_IRQHandler
                0x0800b2e0                RTC_WKUP_IRQHandler
                0x0800b2e0                PVD_PVM_IRQHandler
                0x0800b2e0                SPI2_IRQHandler
                0x0800b2e0                ADC5_IRQHandler
                0x0800b2e0                DMA2_Channel5_IRQHandler
                0x0800b2e0                CRS_IRQHandler
                0x0800b2e0                DMA1_Channel5_IRQHandler
                0x0800b2e0                USB_LP_IRQHandler
                0x0800b2e0                EXTI4_IRQHandler
                0x0800b2e0                RNG_IRQHandler
                0x0800b2e0                HRTIM1_TIMB_IRQHandler
                0x0800b2e0                TIM1_TRG_COM_TIM17_IRQHandler
                0x0800b2e0                FDCAN2_IT1_IRQHandler
                0x0800b2e0                DMA1_Channel3_IRQHandler
                0x0800b2e0                ADC4_IRQHandler
                0x0800b2e0                WWDG_IRQHandler
                0x0800b2e0                I2C4_EV_IRQHandler
                0x0800b2e0                LPUART1_IRQHandler
                0x0800b2e0                DMA2_Channel6_IRQHandler
                0x0800b2e0                FDCAN1_IT0_IRQHandler
                0x0800b2e0                TIM2_IRQHandler
                0x0800b2e0                COMP7_IRQHandler
                0x0800b2e0                COMP1_2_3_IRQHandler
                0x0800b2e0                EXTI1_IRQHandler
                0x0800b2e0                USART2_IRQHandler
                0x0800b2e0                COMP4_5_6_IRQHandler
                0x0800b2e0                TIM20_BRK_IRQHandler
                0x0800b2e0                I2C2_ER_IRQHandler
                0x0800b2e0                DMA1_Channel2_IRQHandler
                0x0800b2e0                TIM8_BRK_IRQHandler
                0x0800b2e0                FLASH_IRQHandler
                0x0800b2e0                TIM20_CC_IRQHandler
                0x0800b2e0                USART1_IRQHandler
                0x0800b2e0                SPI3_IRQHandler
                0x0800b2e0                I2C1_ER_IRQHandler
                0x0800b2e0                FMC_IRQHandler
                0x0800b2e0                LPTIM1_IRQHandler
                0x0800b2e0                DMAMUX_OVR_IRQHandler
                0x0800b2e0                I2C4_ER_IRQHandler
                0x0800b2e0                USBWakeUp_IRQHandler
                0x0800b2e0                SAI1_IRQHandler
                0x0800b2e0                DMA2_Channel3_IRQHandler
                0x0800b2e0                RTC_Alarm_IRQHandler
 .text.HAL_Init
                0x0800b2e2       0x30 ./Drivers/STM32G4xx_HAL_Driver/Src/stm32g4xx_hal.o
                0x0800b2e2                HAL_Init
 *fill*         0x0800b312        0x2 
 .text.HAL_InitTick
                0x0800b314       0x74 ./Drivers/STM32G4xx_HAL_Driver/Src/stm32g4xx_hal.o
                0x0800b314                HAL_InitTick
 .text.HAL_IncTick
                0x0800b388       0x24 ./Drivers/STM32G4xx_HAL_Driver/Src/stm32g4xx_hal.o
                0x0800b388                HAL_IncTick
 .text.HAL_GetTick
                0x0800b3ac       0x18 ./Drivers/STM32G4xx_HAL_Driver/Src/stm32g4xx_hal.o
                0x0800b3ac                HAL_GetTick
 .text.HAL_Delay
                0x0800b3c4       0x44 ./Drivers/STM32G4xx_HAL_Driver/Src/stm32g4xx_hal.o
                0x0800b3c4                HAL_Delay
 .text.LL_ADC_SetCommonClock
                0x0800b408       0x26 ./Drivers/STM32G4xx_HAL_Driver/Src/stm32g4xx_hal_adc.o
 .text.LL_ADC_SetCommonPathInternalCh
                0x0800b42e       0x26 ./Drivers/STM32G4xx_HAL_Driver/Src/stm32g4xx_hal_adc.o
 .text.LL_ADC_GetCommonPathInternalCh
                0x0800b454       0x1c ./Drivers/STM32G4xx_HAL_Driver/Src/stm32g4xx_hal_adc.o
 .text.LL_ADC_SetOffset
                0x0800b470       0x48 ./Drivers/STM32G4xx_HAL_Driver/Src/stm32g4xx_hal_adc.o
 .text.LL_ADC_GetOffsetChannel
                0x0800b4b8       0x2c ./Drivers/STM32G4xx_HAL_Driver/Src/stm32g4xx_hal_adc.o
 .text.LL_ADC_SetOffsetState
                0x0800b4e4       0x36 ./Drivers/STM32G4xx_HAL_Driver/Src/stm32g4xx_hal_adc.o
 .text.LL_ADC_SetOffsetSign
                0x0800b51a       0x36 ./Drivers/STM32G4xx_HAL_Driver/Src/stm32g4xx_hal_adc.o
 .text.LL_ADC_SetOffsetSaturation
                0x0800b550       0x36 ./Drivers/STM32G4xx_HAL_Driver/Src/stm32g4xx_hal_adc.o
 .text.LL_ADC_SetSamplingTimeCommonConfig
                0x0800b586       0x26 ./Drivers/STM32G4xx_HAL_Driver/Src/stm32g4xx_hal_adc.o
 .text.LL_ADC_REG_IsTriggerSourceSWStart
                0x0800b5ac       0x26 ./Drivers/STM32G4xx_HAL_Driver/Src/stm32g4xx_hal_adc.o
 .text.LL_ADC_REG_SetSequencerRanks
                0x0800b5d2       0x58 ./Drivers/STM32G4xx_HAL_Driver/Src/stm32g4xx_hal_adc.o
 .text.LL_ADC_SetChannelSamplingTime
                0x0800b62a       0x56 ./Drivers/STM32G4xx_HAL_Driver/Src/stm32g4xx_hal_adc.o
 .text.LL_ADC_SetChannelSingleDiff
                0x0800b680       0x48 ./Drivers/STM32G4xx_HAL_Driver/Src/stm32g4xx_hal_adc.o
 .text.LL_ADC_GetMultimode
                0x0800b6c8       0x1c ./Drivers/STM32G4xx_HAL_Driver/Src/stm32g4xx_hal_adc.o
 .text.LL_ADC_GetMultiDMATransfer
                0x0800b6e4       0x1c ./Drivers/STM32G4xx_HAL_Driver/Src/stm32g4xx_hal_adc.o
 .text.LL_ADC_DisableDeepPowerDown
                0x0800b700       0x24 ./Drivers/STM32G4xx_HAL_Driver/Src/stm32g4xx_hal_adc.o
 .text.LL_ADC_IsDeepPowerDownEnabled
                0x0800b724       0x28 ./Drivers/STM32G4xx_HAL_Driver/Src/stm32g4xx_hal_adc.o
 .text.LL_ADC_EnableInternalRegulator
                0x0800b74c       0x28 ./Drivers/STM32G4xx_HAL_Driver/Src/stm32g4xx_hal_adc.o
 .text.LL_ADC_IsInternalRegulatorEnabled
                0x0800b774       0x28 ./Drivers/STM32G4xx_HAL_Driver/Src/stm32g4xx_hal_adc.o
 .text.LL_ADC_Enable
                0x0800b79c       0x28 ./Drivers/STM32G4xx_HAL_Driver/Src/stm32g4xx_hal_adc.o
 .text.LL_ADC_IsEnabled
                0x0800b7c4       0x26 ./Drivers/STM32G4xx_HAL_Driver/Src/stm32g4xx_hal_adc.o
 .text.LL_ADC_REG_StartConversion
                0x0800b7ea       0x28 ./Drivers/STM32G4xx_HAL_Driver/Src/stm32g4xx_hal_adc.o
 .text.LL_ADC_REG_IsConversionOngoing
                0x0800b812       0x26 ./Drivers/STM32G4xx_HAL_Driver/Src/stm32g4xx_hal_adc.o
 .text.LL_ADC_INJ_IsConversionOngoing
                0x0800b838       0x26 ./Drivers/STM32G4xx_HAL_Driver/Src/stm32g4xx_hal_adc.o
 *fill*         0x0800b85e        0x2 
 .text.HAL_ADC_Init
                0x0800b860      0x378 ./Drivers/STM32G4xx_HAL_Driver/Src/stm32g4xx_hal_adc.o
                0x0800b860                HAL_ADC_Init
 .text.HAL_ADC_Start
                0x0800bbd8      0x1c8 ./Drivers/STM32G4xx_HAL_Driver/Src/stm32g4xx_hal_adc.o
                0x0800bbd8                HAL_ADC_Start
 .text.HAL_ADC_PollForConversion
                0x0800bda0      0x20c ./Drivers/STM32G4xx_HAL_Driver/Src/stm32g4xx_hal_adc.o
                0x0800bda0                HAL_ADC_PollForConversion
 .text.HAL_ADC_GetValue
                0x0800bfac       0x1a ./Drivers/STM32G4xx_HAL_Driver/Src/stm32g4xx_hal_adc.o
                0x0800bfac                HAL_ADC_GetValue
 *fill*         0x0800bfc6        0x2 
 .text.HAL_ADC_ConfigChannel
                0x0800bfc8      0x880 ./Drivers/STM32G4xx_HAL_Driver/Src/stm32g4xx_hal_adc.o
                0x0800bfc8                HAL_ADC_ConfigChannel
 .text.ADC_Enable
                0x0800c848      0x12c ./Drivers/STM32G4xx_HAL_Driver/Src/stm32g4xx_hal_adc.o
                0x0800c848                ADC_Enable
 .text.LL_ADC_IsEnabled
                0x0800c974       0x26 ./Drivers/STM32G4xx_HAL_Driver/Src/stm32g4xx_hal_adc_ex.o
 .text.LL_ADC_REG_IsConversionOngoing
                0x0800c99a       0x26 ./Drivers/STM32G4xx_HAL_Driver/Src/stm32g4xx_hal_adc_ex.o
 .text.HAL_ADCEx_MultiModeConfigChannel
                0x0800c9c0      0x210 ./Drivers/STM32G4xx_HAL_Driver/Src/stm32g4xx_hal_adc_ex.o
                0x0800c9c0                HAL_ADCEx_MultiModeConfigChannel
 .text.__NVIC_SetPriorityGrouping
                0x0800cbd0       0x48 ./Drivers/STM32G4xx_HAL_Driver/Src/stm32g4xx_hal_cortex.o
 .text.__NVIC_GetPriorityGrouping
                0x0800cc18       0x1c ./Drivers/STM32G4xx_HAL_Driver/Src/stm32g4xx_hal_cortex.o
 .text.__NVIC_EnableIRQ
                0x0800cc34       0x3c ./Drivers/STM32G4xx_HAL_Driver/Src/stm32g4xx_hal_cortex.o
 .text.__NVIC_DisableIRQ
                0x0800cc70       0x48 ./Drivers/STM32G4xx_HAL_Driver/Src/stm32g4xx_hal_cortex.o
 .text.__NVIC_SetPriority
                0x0800ccb8       0x54 ./Drivers/STM32G4xx_HAL_Driver/Src/stm32g4xx_hal_cortex.o
 .text.NVIC_EncodePriority
                0x0800cd0c       0x66 ./Drivers/STM32G4xx_HAL_Driver/Src/stm32g4xx_hal_cortex.o
 *fill*         0x0800cd72        0x2 
 .text.SysTick_Config
                0x0800cd74       0x44 ./Drivers/STM32G4xx_HAL_Driver/Src/stm32g4xx_hal_cortex.o
 .text.HAL_NVIC_SetPriorityGrouping
                0x0800cdb8       0x16 ./Drivers/STM32G4xx_HAL_Driver/Src/stm32g4xx_hal_cortex.o
                0x0800cdb8                HAL_NVIC_SetPriorityGrouping
 .text.HAL_NVIC_SetPriority
                0x0800cdce       0x34 ./Drivers/STM32G4xx_HAL_Driver/Src/stm32g4xx_hal_cortex.o
                0x0800cdce                HAL_NVIC_SetPriority
 .text.HAL_NVIC_EnableIRQ
                0x0800ce02       0x1c ./Drivers/STM32G4xx_HAL_Driver/Src/stm32g4xx_hal_cortex.o
                0x0800ce02                HAL_NVIC_EnableIRQ
 .text.HAL_NVIC_DisableIRQ
                0x0800ce1e       0x1c ./Drivers/STM32G4xx_HAL_Driver/Src/stm32g4xx_hal_cortex.o
                0x0800ce1e                HAL_NVIC_DisableIRQ
 .text.HAL_SYSTICK_Config
                0x0800ce3a       0x18 ./Drivers/STM32G4xx_HAL_Driver/Src/stm32g4xx_hal_cortex.o
                0x0800ce3a                HAL_SYSTICK_Config
 *fill*         0x0800ce52        0x2 
 .text.HAL_FDCAN_Init
                0x0800ce54      0x2b4 ./Drivers/STM32G4xx_HAL_Driver/Src/stm32g4xx_hal_fdcan.o
                0x0800ce54                HAL_FDCAN_Init
 .text.HAL_FDCAN_DeInit
                0x0800d108       0x46 ./Drivers/STM32G4xx_HAL_Driver/Src/stm32g4xx_hal_fdcan.o
                0x0800d108                HAL_FDCAN_DeInit
 .text.HAL_FDCAN_Start
                0x0800d14e       0x50 ./Drivers/STM32G4xx_HAL_Driver/Src/stm32g4xx_hal_fdcan.o
                0x0800d14e                HAL_FDCAN_Start
 .text.HAL_FDCAN_Stop
                0x0800d19e       0xe0 ./Drivers/STM32G4xx_HAL_Driver/Src/stm32g4xx_hal_fdcan.o
                0x0800d19e                HAL_FDCAN_Stop
 .text.HAL_FDCAN_AddMessageToTxFifoQ
                0x0800d27e       0x88 ./Drivers/STM32G4xx_HAL_Driver/Src/stm32g4xx_hal_fdcan.o
                0x0800d27e                HAL_FDCAN_AddMessageToTxFifoQ
 *fill*         0x0800d306        0x2 
 .text.HAL_FDCAN_GetRxMessage
                0x0800d308      0x210 ./Drivers/STM32G4xx_HAL_Driver/Src/stm32g4xx_hal_fdcan.o
                0x0800d308                HAL_FDCAN_GetRxMessage
 .text.HAL_FDCAN_IRQHandler
                0x0800d518      0x266 ./Drivers/STM32G4xx_HAL_Driver/Src/stm32g4xx_hal_fdcan.o
                0x0800d518                HAL_FDCAN_IRQHandler
 .text.HAL_FDCAN_TxEventFifoCallback
                0x0800d77e       0x16 ./Drivers/STM32G4xx_HAL_Driver/Src/stm32g4xx_hal_fdcan.o
                0x0800d77e                HAL_FDCAN_TxEventFifoCallback
 .text.HAL_FDCAN_RxFifo1Callback
                0x0800d794       0x16 ./Drivers/STM32G4xx_HAL_Driver/Src/stm32g4xx_hal_fdcan.o
                0x0800d794                HAL_FDCAN_RxFifo1Callback
 .text.HAL_FDCAN_TxFifoEmptyCallback
                0x0800d7aa       0x14 ./Drivers/STM32G4xx_HAL_Driver/Src/stm32g4xx_hal_fdcan.o
                0x0800d7aa                HAL_FDCAN_TxFifoEmptyCallback
 .text.HAL_FDCAN_TxBufferCompleteCallback
                0x0800d7be       0x16 ./Drivers/STM32G4xx_HAL_Driver/Src/stm32g4xx_hal_fdcan.o
                0x0800d7be                HAL_FDCAN_TxBufferCompleteCallback
 .text.HAL_FDCAN_TxBufferAbortCallback
                0x0800d7d4       0x16 ./Drivers/STM32G4xx_HAL_Driver/Src/stm32g4xx_hal_fdcan.o
                0x0800d7d4                HAL_FDCAN_TxBufferAbortCallback
 .text.HAL_FDCAN_TimestampWraparoundCallback
                0x0800d7ea       0x14 ./Drivers/STM32G4xx_HAL_Driver/Src/stm32g4xx_hal_fdcan.o
                0x0800d7ea                HAL_FDCAN_TimestampWraparoundCallback
 .text.HAL_FDCAN_TimeoutOccurredCallback
                0x0800d7fe       0x14 ./Drivers/STM32G4xx_HAL_Driver/Src/stm32g4xx_hal_fdcan.o
                0x0800d7fe                HAL_FDCAN_TimeoutOccurredCallback
 .text.HAL_FDCAN_HighPriorityMessageCallback
                0x0800d812       0x14 ./Drivers/STM32G4xx_HAL_Driver/Src/stm32g4xx_hal_fdcan.o
                0x0800d812                HAL_FDCAN_HighPriorityMessageCallback
 .text.HAL_FDCAN_ErrorCallback
                0x0800d826       0x14 ./Drivers/STM32G4xx_HAL_Driver/Src/stm32g4xx_hal_fdcan.o
                0x0800d826                HAL_FDCAN_ErrorCallback
 .text.HAL_FDCAN_ErrorStatusCallback
                0x0800d83a       0x16 ./Drivers/STM32G4xx_HAL_Driver/Src/stm32g4xx_hal_fdcan.o
                0x0800d83a                HAL_FDCAN_ErrorStatusCallback
 .text.FDCAN_CalcultateRamBlockAddresses
                0x0800d850       0xd8 ./Drivers/STM32G4xx_HAL_Driver/Src/stm32g4xx_hal_fdcan.o
 .text.FDCAN_CopyMessageToRAM
                0x0800d928       0xf8 ./Drivers/STM32G4xx_HAL_Driver/Src/stm32g4xx_hal_fdcan.o
 .text.HAL_GPIO_Init
                0x0800da20      0x304 ./Drivers/STM32G4xx_HAL_Driver/Src/stm32g4xx_hal_gpio.o
                0x0800da20                HAL_GPIO_Init
 .text.HAL_GPIO_DeInit
                0x0800dd24      0x1c4 ./Drivers/STM32G4xx_HAL_Driver/Src/stm32g4xx_hal_gpio.o
                0x0800dd24                HAL_GPIO_DeInit
 .text.HAL_GPIO_ReadPin
                0x0800dee8       0x30 ./Drivers/STM32G4xx_HAL_Driver/Src/stm32g4xx_hal_gpio.o
                0x0800dee8                HAL_GPIO_ReadPin
 .text.HAL_GPIO_WritePin
                0x0800df18       0x30 ./Drivers/STM32G4xx_HAL_Driver/Src/stm32g4xx_hal_gpio.o
                0x0800df18                HAL_GPIO_WritePin
 .text.HAL_I2C_Init
                0x0800df48      0x136 ./Drivers/STM32G4xx_HAL_Driver/Src/stm32g4xx_hal_i2c.o
                0x0800df48                HAL_I2C_Init
 .text.HAL_I2CEx_ConfigAnalogFilter
                0x0800e07e       0x96 ./Drivers/STM32G4xx_HAL_Driver/Src/stm32g4xx_hal_i2c_ex.o
                0x0800e07e                HAL_I2CEx_ConfigAnalogFilter
 .text.HAL_I2CEx_ConfigDigitalFilter
                0x0800e114       0x98 ./Drivers/STM32G4xx_HAL_Driver/Src/stm32g4xx_hal_i2c_ex.o
                0x0800e114                HAL_I2CEx_ConfigDigitalFilter
 .text.HAL_PWREx_ControlVoltageScaling
                0x0800e1ac      0x148 ./Drivers/STM32G4xx_HAL_Driver/Src/stm32g4xx_hal_pwr_ex.o
                0x0800e1ac                HAL_PWREx_ControlVoltageScaling
 .text.HAL_PWREx_DisableUCPDDeadBattery
                0x0800e2f4       0x20 ./Drivers/STM32G4xx_HAL_Driver/Src/stm32g4xx_hal_pwr_ex.o
                0x0800e2f4                HAL_PWREx_DisableUCPDDeadBattery
 .text.HAL_RCC_OscConfig
                0x0800e314      0x624 ./Drivers/STM32G4xx_HAL_Driver/Src/stm32g4xx_hal_rcc.o
                0x0800e314                HAL_RCC_OscConfig
 .text.HAL_RCC_ClockConfig
                0x0800e938      0x278 ./Drivers/STM32G4xx_HAL_Driver/Src/stm32g4xx_hal_rcc.o
                0x0800e938                HAL_RCC_ClockConfig
 .text.HAL_RCC_GetSysClockFreq
                0x0800ebb0       0xc4 ./Drivers/STM32G4xx_HAL_Driver/Src/stm32g4xx_hal_rcc.o
                0x0800ebb0                HAL_RCC_GetSysClockFreq
 .text.HAL_RCC_GetHCLKFreq
                0x0800ec74       0x18 ./Drivers/STM32G4xx_HAL_Driver/Src/stm32g4xx_hal_rcc.o
                0x0800ec74                HAL_RCC_GetHCLKFreq
 .text.HAL_RCC_GetPCLK1Freq
                0x0800ec8c       0x2c ./Drivers/STM32G4xx_HAL_Driver/Src/stm32g4xx_hal_rcc.o
                0x0800ec8c                HAL_RCC_GetPCLK1Freq
 .text.HAL_RCC_GetPCLK2Freq
                0x0800ecb8       0x2c ./Drivers/STM32G4xx_HAL_Driver/Src/stm32g4xx_hal_rcc.o
                0x0800ecb8                HAL_RCC_GetPCLK2Freq
 .text.RCC_GetSysClockFreqFromPLLSource
                0x0800ece4       0x8c ./Drivers/STM32G4xx_HAL_Driver/Src/stm32g4xx_hal_rcc.o
 .text.HAL_RCCEx_PeriphCLKConfig
                0x0800ed70      0x49c ./Drivers/STM32G4xx_HAL_Driver/Src/stm32g4xx_hal_rcc_ex.o
                0x0800ed70                HAL_RCCEx_PeriphCLKConfig
 .text.HAL_RTC_Init
                0x0800f20c       0xfe ./Drivers/STM32G4xx_HAL_Driver/Src/stm32g4xx_hal_rtc.o
                0x0800f20c                HAL_RTC_Init
 *fill*         0x0800f30a        0x2 
 .text.HAL_RTC_WaitForSynchro
                0x0800f30c       0x48 ./Drivers/STM32G4xx_HAL_Driver/Src/stm32g4xx_hal_rtc.o
                0x0800f30c                HAL_RTC_WaitForSynchro
 .text.RTC_EnterInitMode
                0x0800f354       0x6c ./Drivers/STM32G4xx_HAL_Driver/Src/stm32g4xx_hal_rtc.o
                0x0800f354                RTC_EnterInitMode
 .text.RTC_ExitInitMode
                0x0800f3c0       0x86 ./Drivers/STM32G4xx_HAL_Driver/Src/stm32g4xx_hal_rtc.o
                0x0800f3c0                RTC_ExitInitMode
 .text.HAL_SPI_Init
                0x0800f446      0x156 ./Drivers/STM32G4xx_HAL_Driver/Src/stm32g4xx_hal_spi.o
                0x0800f446                HAL_SPI_Init
 .text.HAL_SPI_Transmit
                0x0800f59c      0x2ec ./Drivers/STM32G4xx_HAL_Driver/Src/stm32g4xx_hal_spi.o
                0x0800f59c                HAL_SPI_Transmit
 .text.HAL_SPI_Receive
                0x0800f888      0x270 ./Drivers/STM32G4xx_HAL_Driver/Src/stm32g4xx_hal_spi.o
                0x0800f888                HAL_SPI_Receive
 .text.HAL_SPI_TransmitReceive
                0x0800faf8      0x43e ./Drivers/STM32G4xx_HAL_Driver/Src/stm32g4xx_hal_spi.o
                0x0800faf8                HAL_SPI_TransmitReceive
 *fill*         0x0800ff36        0x2 
 .text.SPI_WaitFlagStateUntilTimeout
                0x0800ff38      0x110 ./Drivers/STM32G4xx_HAL_Driver/Src/stm32g4xx_hal_spi.o
 .text.SPI_WaitFifoStateUntilTimeout
                0x08010048      0x12c ./Drivers/STM32G4xx_HAL_Driver/Src/stm32g4xx_hal_spi.o
 .text.SPI_EndRxTransaction
                0x08010174       0xb0 ./Drivers/STM32G4xx_HAL_Driver/Src/stm32g4xx_hal_spi.o
 .text.SPI_EndRxTxTransaction
                0x08010224       0x8c ./Drivers/STM32G4xx_HAL_Driver/Src/stm32g4xx_hal_spi.o
 .text.HAL_TIM_Base_Init
                0x080102b0       0xae ./Drivers/STM32G4xx_HAL_Driver/Src/stm32g4xx_hal_tim.o
                0x080102b0                HAL_TIM_Base_Init
 .text.HAL_TIM_PWM_Init
                0x0801035e       0xae ./Drivers/STM32G4xx_HAL_Driver/Src/stm32g4xx_hal_tim.o
                0x0801035e                HAL_TIM_PWM_Init
 .text.HAL_TIM_PWM_ConfigChannel
                0x0801040c      0x228 ./Drivers/STM32G4xx_HAL_Driver/Src/stm32g4xx_hal_tim.o
                0x0801040c                HAL_TIM_PWM_ConfigChannel
 .text.HAL_TIM_ConfigClockSource
                0x08010634      0x22c ./Drivers/STM32G4xx_HAL_Driver/Src/stm32g4xx_hal_tim.o
                0x08010634                HAL_TIM_ConfigClockSource
 .text.TIM_Base_SetConfig
                0x08010860      0x168 ./Drivers/STM32G4xx_HAL_Driver/Src/stm32g4xx_hal_tim.o
                0x08010860                TIM_Base_SetConfig
 .text.TIM_OC1_SetConfig
                0x080109c8      0x134 ./Drivers/STM32G4xx_HAL_Driver/Src/stm32g4xx_hal_tim.o
 .text.TIM_OC2_SetConfig
                0x08010afc      0x128 ./Drivers/STM32G4xx_HAL_Driver/Src/stm32g4xx_hal_tim.o
                0x08010afc                TIM_OC2_SetConfig
 .text.TIM_OC3_SetConfig
                0x08010c24      0x124 ./Drivers/STM32G4xx_HAL_Driver/Src/stm32g4xx_hal_tim.o
 .text.TIM_OC4_SetConfig
                0x08010d48      0x128 ./Drivers/STM32G4xx_HAL_Driver/Src/stm32g4xx_hal_tim.o
 .text.TIM_OC5_SetConfig
                0x08010e70       0xd4 ./Drivers/STM32G4xx_HAL_Driver/Src/stm32g4xx_hal_tim.o
 .text.TIM_OC6_SetConfig
                0x08010f44       0xd8 ./Drivers/STM32G4xx_HAL_Driver/Src/stm32g4xx_hal_tim.o
 .text.TIM_TI1_ConfigInputStage
                0x0801101c       0x5e ./Drivers/STM32G4xx_HAL_Driver/Src/stm32g4xx_hal_tim.o
 .text.TIM_TI2_ConfigInputStage
                0x0801107a       0x60 ./Drivers/STM32G4xx_HAL_Driver/Src/stm32g4xx_hal_tim.o
 .text.TIM_ITRx_SetConfig
                0x080110da       0x3a ./Drivers/STM32G4xx_HAL_Driver/Src/stm32g4xx_hal_tim.o
 .text.TIM_ETR_SetConfig
                0x08011114       0x40 ./Drivers/STM32G4xx_HAL_Driver/Src/stm32g4xx_hal_tim.o
                0x08011114                TIM_ETR_SetConfig
 .text.HAL_TIMEx_MasterConfigSynchronization
                0x08011154      0x12c ./Drivers/STM32G4xx_HAL_Driver/Src/stm32g4xx_hal_tim_ex.o
                0x08011154                HAL_TIMEx_MasterConfigSynchronization
 .text.HAL_TIMEx_ConfigBreakDeadTime
                0x08011280      0x128 ./Drivers/STM32G4xx_HAL_Driver/Src/stm32g4xx_hal_tim_ex.o
                0x08011280                HAL_TIMEx_ConfigBreakDeadTime
 .text.HAL_UART_Init
                0x080113a8       0xa0 ./Drivers/STM32G4xx_HAL_Driver/Src/stm32g4xx_hal_uart.o
                0x080113a8                HAL_UART_Init
 .text.HAL_UART_Transmit
                0x08011448      0x11c ./Drivers/STM32G4xx_HAL_Driver/Src/stm32g4xx_hal_uart.o
                0x08011448                HAL_UART_Transmit
 .text.HAL_UART_Receive
                0x08011564      0x190 ./Drivers/STM32G4xx_HAL_Driver/Src/stm32g4xx_hal_uart.o
                0x08011564                HAL_UART_Receive
 .text.UART_SetConfig
                0x080116f4      0x5f8 ./Drivers/STM32G4xx_HAL_Driver/Src/stm32g4xx_hal_uart.o
                0x080116f4                UART_SetConfig
 .text.UART_AdvFeatureConfig
                0x08011cec      0x144 ./Drivers/STM32G4xx_HAL_Driver/Src/stm32g4xx_hal_uart.o
                0x08011cec                UART_AdvFeatureConfig
 .text.UART_CheckIdleState
                0x08011e30      0x154 ./Drivers/STM32G4xx_HAL_Driver/Src/stm32g4xx_hal_uart.o
                0x08011e30                UART_CheckIdleState
 .text.UART_WaitOnFlagUntilTimeout
                0x08011f84       0xda ./Drivers/STM32G4xx_HAL_Driver/Src/stm32g4xx_hal_uart.o
                0x08011f84                UART_WaitOnFlagUntilTimeout
 .text.UART_EndRxTransfer
                0x0801205e       0xcc ./Drivers/STM32G4xx_HAL_Driver/Src/stm32g4xx_hal_uart.o
 .text.HAL_UARTEx_DisableFifoMode
                0x0801212a       0x72 ./Drivers/STM32G4xx_HAL_Driver/Src/stm32g4xx_hal_uart_ex.o
                0x0801212a                HAL_UARTEx_DisableFifoMode
 .text.HAL_UARTEx_SetTxFifoThreshold
                0x0801219c       0x7c ./Drivers/STM32G4xx_HAL_Driver/Src/stm32g4xx_hal_uart_ex.o
                0x0801219c                HAL_UARTEx_SetTxFifoThreshold
 .text.HAL_UARTEx_SetRxFifoThreshold
                0x08012218       0x7c ./Drivers/STM32G4xx_HAL_Driver/Src/stm32g4xx_hal_uart_ex.o
                0x08012218                HAL_UARTEx_SetRxFifoThreshold
 .text.UARTEx_SetNbDataToProcess
                0x08012294       0x9c ./Drivers/STM32G4xx_HAL_Driver/Src/stm32g4xx_hal_uart_ex.o
 .text.calloc   0x08012330       0x10 /Applications/STM32CubeIDE.app/Contents/Eclipse/plugins/com.st.stm32cube.ide.mcu.externaltools.gnu-tools-for-stm32.13.3.rel1.macos64_1.0.0.202411102158/tools/bin/../lib/gcc/arm-none-eabi/13.3.1/../../../../arm-none-eabi/lib/thumb/v7e-m+fp/hard/libc_nano.a(libc_a-calloc.o)
                0x08012330                calloc
 .text._calloc_r
                0x08012340       0x28 /Applications/STM32CubeIDE.app/Contents/Eclipse/plugins/com.st.stm32cube.ide.mcu.externaltools.gnu-tools-for-stm32.13.3.rel1.macos64_1.0.0.202411102158/tools/bin/../lib/gcc/arm-none-eabi/13.3.1/../../../../arm-none-eabi/lib/thumb/v7e-m+fp/hard/libc_nano.a(libc_a-callocr.o)
                0x08012340                _calloc_r
 .text.exit     0x08012368       0x24 /Applications/STM32CubeIDE.app/Contents/Eclipse/plugins/com.st.stm32cube.ide.mcu.externaltools.gnu-tools-for-stm32.13.3.rel1.macos64_1.0.0.202411102158/tools/bin/../lib/gcc/arm-none-eabi/13.3.1/../../../../arm-none-eabi/lib/thumb/v7e-m+fp/hard/libc_nano.a(libc_a-exit.o)
                0x08012368                exit
 .text.__cvt    0x0801238c       0xca /Applications/STM32CubeIDE.app/Contents/Eclipse/plugins/com.st.stm32cube.ide.mcu.externaltools.gnu-tools-for-stm32.13.3.rel1.macos64_1.0.0.202411102158/tools/bin/../lib/gcc/arm-none-eabi/13.3.1/../../../../arm-none-eabi/lib/thumb/v7e-m+fp/hard/libc_nano.a(libc_a-nano-vfprintf_float.o)
                0x0801238c                __cvt
 .text.__exponent
                0x08012456       0x74 /Applications/STM32CubeIDE.app/Contents/Eclipse/plugins/com.st.stm32cube.ide.mcu.externaltools.gnu-tools-for-stm32.13.3.rel1.macos64_1.0.0.202411102158/tools/bin/../lib/gcc/arm-none-eabi/13.3.1/../../../../arm-none-eabi/lib/thumb/v7e-m+fp/hard/libc_nano.a(libc_a-nano-vfprintf_float.o)
                0x08012456                __exponent
 *fill*         0x080124ca        0x2 
 .text._printf_float
                0x080124cc      0x454 /Applications/STM32CubeIDE.app/Contents/Eclipse/plugins/com.st.stm32cube.ide.mcu.externaltools.gnu-tools-for-stm32.13.3.rel1.macos64_1.0.0.202411102158/tools/bin/../lib/gcc/arm-none-eabi/13.3.1/../../../../arm-none-eabi/lib/thumb/v7e-m+fp/hard/libc_nano.a(libc_a-nano-vfprintf_float.o)
                0x080124cc                _printf_float
 .text.malloc   0x08012920       0x10 /Applications/STM32CubeIDE.app/Contents/Eclipse/plugins/com.st.stm32cube.ide.mcu.externaltools.gnu-tools-for-stm32.13.3.rel1.macos64_1.0.0.202411102158/tools/bin/../lib/gcc/arm-none-eabi/13.3.1/../../../../arm-none-eabi/lib/thumb/v7e-m+fp/hard/libc_nano.a(libc_a-malloc.o)
                0x08012920                malloc
 .text.free     0x08012930       0x10 /Applications/STM32CubeIDE.app/Contents/Eclipse/plugins/com.st.stm32cube.ide.mcu.externaltools.gnu-tools-for-stm32.13.3.rel1.macos64_1.0.0.202411102158/tools/bin/../lib/gcc/arm-none-eabi/13.3.1/../../../../arm-none-eabi/lib/thumb/v7e-m+fp/hard/libc_nano.a(libc_a-malloc.o)
                0x08012930                free
 .text.sbrk_aligned
                0x08012940       0x44 /Applications/STM32CubeIDE.app/Contents/Eclipse/plugins/com.st.stm32cube.ide.mcu.externaltools.gnu-tools-for-stm32.13.3.rel1.macos64_1.0.0.202411102158/tools/bin/../lib/gcc/arm-none-eabi/13.3.1/../../../../arm-none-eabi/lib/thumb/v7e-m+fp/hard/libc_nano.a(libc_a-mallocr.o)
 .text._malloc_r
                0x08012984      0x100 /Applications/STM32CubeIDE.app/Contents/Eclipse/plugins/com.st.stm32cube.ide.mcu.externaltools.gnu-tools-for-stm32.13.3.rel1.macos64_1.0.0.202411102158/tools/bin/../lib/gcc/arm-none-eabi/13.3.1/../../../../arm-none-eabi/lib/thumb/v7e-m+fp/hard/libc_nano.a(libc_a-mallocr.o)
                0x08012984                _malloc_r
 .text._printf_common
                0x08012a84       0xda /Applications/STM32CubeIDE.app/Contents/Eclipse/plugins/com.st.stm32cube.ide.mcu.externaltools.gnu-tools-for-stm32.13.3.rel1.macos64_1.0.0.202411102158/tools/bin/../lib/gcc/arm-none-eabi/13.3.1/../../../../arm-none-eabi/lib/thumb/v7e-m+fp/hard/libc_nano.a(libc_a-nano-vfprintf_i.o)
                0x08012a84                _printf_common
 *fill*         0x08012b5e        0x2 
 .text._printf_i
                0x08012b60      0x23c /Applications/STM32CubeIDE.app/Contents/Eclipse/plugins/com.st.stm32cube.ide.mcu.externaltools.gnu-tools-for-stm32.13.3.rel1.macos64_1.0.0.202411102158/tools/bin/../lib/gcc/arm-none-eabi/13.3.1/../../../../arm-none-eabi/lib/thumb/v7e-m+fp/hard/libc_nano.a(libc_a-nano-vfprintf_i.o)
                0x08012b60                _printf_i
 .text._scanf_float
                0x08012d9c      0x41c /Applications/STM32CubeIDE.app/Contents/Eclipse/plugins/com.st.stm32cube.ide.mcu.externaltools.gnu-tools-for-stm32.13.3.rel1.macos64_1.0.0.202411102158/tools/bin/../lib/gcc/arm-none-eabi/13.3.1/../../../../arm-none-eabi/lib/thumb/v7e-m+fp/hard/libc_nano.a(libc_a-nano-vfscanf_float.o)
                0x08012d9c                _scanf_float
 .text.__malloc_lock
                0x080131b8        0xc /Applications/STM32CubeIDE.app/Contents/Eclipse/plugins/com.st.stm32cube.ide.mcu.externaltools.gnu-tools-for-stm32.13.3.rel1.macos64_1.0.0.202411102158/tools/bin/../lib/gcc/arm-none-eabi/13.3.1/../../../../arm-none-eabi/lib/thumb/v7e-m+fp/hard/libc_nano.a(libc_a-mlock.o)
                0x080131b8                __malloc_lock
 .text.__malloc_unlock
                0x080131c4        0xc /Applications/STM32CubeIDE.app/Contents/Eclipse/plugins/com.st.stm32cube.ide.mcu.externaltools.gnu-tools-for-stm32.13.3.rel1.macos64_1.0.0.202411102158/tools/bin/../lib/gcc/arm-none-eabi/13.3.1/../../../../arm-none-eabi/lib/thumb/v7e-m+fp/hard/libc_nano.a(libc_a-mlock.o)
                0x080131c4                __malloc_unlock
 .text.sprintf  0x080131d0       0x44 /Applications/STM32CubeIDE.app/Contents/Eclipse/plugins/com.st.stm32cube.ide.mcu.externaltools.gnu-tools-for-stm32.13.3.rel1.macos64_1.0.0.202411102158/tools/bin/../lib/gcc/arm-none-eabi/13.3.1/../../../../arm-none-eabi/lib/thumb/v7e-m+fp/hard/libc_nano.a(libc_a-sprintf.o)
                0x080131d0                sprintf
                0x080131d0                siprintf
 .text.std      0x08013214       0x6c /Applications/STM32CubeIDE.app/Contents/Eclipse/plugins/com.st.stm32cube.ide.mcu.externaltools.gnu-tools-for-stm32.13.3.rel1.macos64_1.0.0.202411102158/tools/bin/../lib/gcc/arm-none-eabi/13.3.1/../../../../arm-none-eabi/lib/thumb/v7e-m+fp/hard/libc_nano.a(libc_a-findfp.o)
 .text.stdio_exit_handler
                0x08013280       0x18 /Applications/STM32CubeIDE.app/Contents/Eclipse/plugins/com.st.stm32cube.ide.mcu.externaltools.gnu-tools-for-stm32.13.3.rel1.macos64_1.0.0.202411102158/tools/bin/../lib/gcc/arm-none-eabi/13.3.1/../../../../arm-none-eabi/lib/thumb/v7e-m+fp/hard/libc_nano.a(libc_a-findfp.o)
 .text.cleanup_stdio
                0x08013298       0x40 /Applications/STM32CubeIDE.app/Contents/Eclipse/plugins/com.st.stm32cube.ide.mcu.externaltools.gnu-tools-for-stm32.13.3.rel1.macos64_1.0.0.202411102158/tools/bin/../lib/gcc/arm-none-eabi/13.3.1/../../../../arm-none-eabi/lib/thumb/v7e-m+fp/hard/libc_nano.a(libc_a-findfp.o)
 .text.global_stdio_init.part.0
                0x080132d8       0x3c /Applications/STM32CubeIDE.app/Contents/Eclipse/plugins/com.st.stm32cube.ide.mcu.externaltools.gnu-tools-for-stm32.13.3.rel1.macos64_1.0.0.202411102158/tools/bin/../lib/gcc/arm-none-eabi/13.3.1/../../../../arm-none-eabi/lib/thumb/v7e-m+fp/hard/libc_nano.a(libc_a-findfp.o)
 .text.__sfp_lock_acquire
                0x08013314        0xc /Applications/STM32CubeIDE.app/Contents/Eclipse/plugins/com.st.stm32cube.ide.mcu.externaltools.gnu-tools-for-stm32.13.3.rel1.macos64_1.0.0.202411102158/tools/bin/../lib/gcc/arm-none-eabi/13.3.1/../../../../arm-none-eabi/lib/thumb/v7e-m+fp/hard/libc_nano.a(libc_a-findfp.o)
                0x08013314                __sfp_lock_acquire
 .text.__sfp_lock_release
                0x08013320        0xc /Applications/STM32CubeIDE.app/Contents/Eclipse/plugins/com.st.stm32cube.ide.mcu.externaltools.gnu-tools-for-stm32.13.3.rel1.macos64_1.0.0.202411102158/tools/bin/../lib/gcc/arm-none-eabi/13.3.1/../../../../arm-none-eabi/lib/thumb/v7e-m+fp/hard/libc_nano.a(libc_a-findfp.o)
                0x08013320                __sfp_lock_release
 .text.__sinit  0x0801332c       0x30 /Applications/STM32CubeIDE.app/Contents/Eclipse/plugins/com.st.stm32cube.ide.mcu.externaltools.gnu-tools-for-stm32.13.3.rel1.macos64_1.0.0.202411102158/tools/bin/../lib/gcc/arm-none-eabi/13.3.1/../../../../arm-none-eabi/lib/thumb/v7e-m+fp/hard/libc_nano.a(libc_a-findfp.o)
                0x0801332c                __sinit
 .text.sulp     0x0801335c       0x3c /Applications/STM32CubeIDE.app/Contents/Eclipse/plugins/com.st.stm32cube.ide.mcu.externaltools.gnu-tools-for-stm32.13.3.rel1.macos64_1.0.0.202411102158/tools/bin/../lib/gcc/arm-none-eabi/13.3.1/../../../../arm-none-eabi/lib/thumb/v7e-m+fp/hard/libc_nano.a(libc_a-strtod.o)
 .text._strtod_l
                0x08013398      0xbc8 /Applications/STM32CubeIDE.app/Contents/Eclipse/plugins/com.st.stm32cube.ide.mcu.externaltools.gnu-tools-for-stm32.13.3.rel1.macos64_1.0.0.202411102158/tools/bin/../lib/gcc/arm-none-eabi/13.3.1/../../../../arm-none-eabi/lib/thumb/v7e-m+fp/hard/libc_nano.a(libc_a-strtod.o)
                0x08013398                _strtod_l
 .text._strtod_r
                0x08013f60        0xc /Applications/STM32CubeIDE.app/Contents/Eclipse/plugins/com.st.stm32cube.ide.mcu.externaltools.gnu-tools-for-stm32.13.3.rel1.macos64_1.0.0.202411102158/tools/bin/../lib/gcc/arm-none-eabi/13.3.1/../../../../arm-none-eabi/lib/thumb/v7e-m+fp/hard/libc_nano.a(libc_a-strtod.o)
                0x08013f60                _strtod_r
 .text._strtol_l.isra.0
                0x08013f6c       0xf4 /Applications/STM32CubeIDE.app/Contents/Eclipse/plugins/com.st.stm32cube.ide.mcu.externaltools.gnu-tools-for-stm32.13.3.rel1.macos64_1.0.0.202411102158/tools/bin/../lib/gcc/arm-none-eabi/13.3.1/../../../../arm-none-eabi/lib/thumb/v7e-m+fp/hard/libc_nano.a(libc_a-strtol.o)
 .text._strtol_r
                0x08014060        0x4 /Applications/STM32CubeIDE.app/Contents/Eclipse/plugins/com.st.stm32cube.ide.mcu.externaltools.gnu-tools-for-stm32.13.3.rel1.macos64_1.0.0.202411102158/tools/bin/../lib/gcc/arm-none-eabi/13.3.1/../../../../arm-none-eabi/lib/thumb/v7e-m+fp/hard/libc_nano.a(libc_a-strtol.o)
                0x08014060                _strtol_r
 .text._fwalk_sglue
                0x08014064       0x3c /Applications/STM32CubeIDE.app/Contents/Eclipse/plugins/com.st.stm32cube.ide.mcu.externaltools.gnu-tools-for-stm32.13.3.rel1.macos64_1.0.0.202411102158/tools/bin/../lib/gcc/arm-none-eabi/13.3.1/../../../../arm-none-eabi/lib/thumb/v7e-m+fp/hard/libc_nano.a(libc_a-fwalk.o)
                0x08014064                _fwalk_sglue
 .text.printf   0x080140a0       0x24 /Applications/STM32CubeIDE.app/Contents/Eclipse/plugins/com.st.stm32cube.ide.mcu.externaltools.gnu-tools-for-stm32.13.3.rel1.macos64_1.0.0.202411102158/tools/bin/../lib/gcc/arm-none-eabi/13.3.1/../../../../arm-none-eabi/lib/thumb/v7e-m+fp/hard/libc_nano.a(libc_a-printf.o)
                0x080140a0                printf
                0x080140a0                iprintf
 .text.putchar  0x080140c4       0x10 /Applications/STM32CubeIDE.app/Contents/Eclipse/plugins/com.st.stm32cube.ide.mcu.externaltools.gnu-tools-for-stm32.13.3.rel1.macos64_1.0.0.202411102158/tools/bin/../lib/gcc/arm-none-eabi/13.3.1/../../../../arm-none-eabi/lib/thumb/v7e-m+fp/hard/libc_nano.a(libc_a-putchar.o)
                0x080140c4                putchar
 .text._puts_r  0x080140d4       0xaa /Applications/STM32CubeIDE.app/Contents/Eclipse/plugins/com.st.stm32cube.ide.mcu.externaltools.gnu-tools-for-stm32.13.3.rel1.macos64_1.0.0.202411102158/tools/bin/../lib/gcc/arm-none-eabi/13.3.1/../../../../arm-none-eabi/lib/thumb/v7e-m+fp/hard/libc_nano.a(libc_a-puts.o)
                0x080140d4                _puts_r
 *fill*         0x0801417e        0x2 
 .text.puts     0x08014180       0x10 /Applications/STM32CubeIDE.app/Contents/Eclipse/plugins/com.st.stm32cube.ide.mcu.externaltools.gnu-tools-for-stm32.13.3.rel1.macos64_1.0.0.202411102158/tools/bin/../lib/gcc/arm-none-eabi/13.3.1/../../../../arm-none-eabi/lib/thumb/v7e-m+fp/hard/libc_nano.a(libc_a-puts.o)
                0x08014180                puts
 .text.memset   0x08014190       0x10 /Applications/STM32CubeIDE.app/Contents/Eclipse/plugins/com.st.stm32cube.ide.mcu.externaltools.gnu-tools-for-stm32.13.3.rel1.macos64_1.0.0.202411102158/tools/bin/../lib/gcc/arm-none-eabi/13.3.1/../../../../arm-none-eabi/lib/thumb/v7e-m+fp/hard/libc_nano.a(libc_a-memset.o)
                0x08014190                memset
 .text.strncmp  0x080141a0       0x24 /Applications/STM32CubeIDE.app/Contents/Eclipse/plugins/com.st.stm32cube.ide.mcu.externaltools.gnu-tools-for-stm32.13.3.rel1.macos64_1.0.0.202411102158/tools/bin/../lib/gcc/arm-none-eabi/13.3.1/../../../../arm-none-eabi/lib/thumb/v7e-m+fp/hard/libc_nano.a(libc_a-strncmp.o)
                0x080141a0                strncmp
 .text._sbrk_r  0x080141c4       0x20 /Applications/STM32CubeIDE.app/Contents/Eclipse/plugins/com.st.stm32cube.ide.mcu.externaltools.gnu-tools-for-stm32.13.3.rel1.macos64_1.0.0.202411102158/tools/bin/../lib/gcc/arm-none-eabi/13.3.1/../../../../arm-none-eabi/lib/thumb/v7e-m+fp/hard/libc_nano.a(libc_a-sbrkr.o)
                0x080141c4                _sbrk_r
 .text.__errno  0x080141e4        0xc /Applications/STM32CubeIDE.app/Contents/Eclipse/plugins/com.st.stm32cube.ide.mcu.externaltools.gnu-tools-for-stm32.13.3.rel1.macos64_1.0.0.202411102158/tools/bin/../lib/gcc/arm-none-eabi/13.3.1/../../../../arm-none-eabi/lib/thumb/v7e-m+fp/hard/libc_nano.a(libc_a-errno.o)
                0x080141e4                __errno
 .text.__libc_init_array
                0x080141f0       0x48 /Applications/STM32CubeIDE.app/Contents/Eclipse/plugins/com.st.stm32cube.ide.mcu.externaltools.gnu-tools-for-stm32.13.3.rel1.macos64_1.0.0.202411102158/tools/bin/../lib/gcc/arm-none-eabi/13.3.1/../../../../arm-none-eabi/lib/thumb/v7e-m+fp/hard/libc_nano.a(libc_a-init.o)
                0x080141f0                __libc_init_array
 .text.__retarget_lock_init_recursive
                0x08014238        0x2 /Applications/STM32CubeIDE.app/Contents/Eclipse/plugins/com.st.stm32cube.ide.mcu.externaltools.gnu-tools-for-stm32.13.3.rel1.macos64_1.0.0.202411102158/tools/bin/../lib/gcc/arm-none-eabi/13.3.1/../../../../arm-none-eabi/lib/thumb/v7e-m+fp/hard/libc_nano.a(libc_a-lock.o)
                0x08014238                __retarget_lock_init_recursive
 .text.__retarget_lock_acquire_recursive
                0x0801423a        0x2 /Applications/STM32CubeIDE.app/Contents/Eclipse/plugins/com.st.stm32cube.ide.mcu.externaltools.gnu-tools-for-stm32.13.3.rel1.macos64_1.0.0.202411102158/tools/bin/../lib/gcc/arm-none-eabi/13.3.1/../../../../arm-none-eabi/lib/thumb/v7e-m+fp/hard/libc_nano.a(libc_a-lock.o)
                0x0801423a                __retarget_lock_acquire_recursive
 .text.__retarget_lock_release_recursive
                0x0801423c        0x2 /Applications/STM32CubeIDE.app/Contents/Eclipse/plugins/com.st.stm32cube.ide.mcu.externaltools.gnu-tools-for-stm32.13.3.rel1.macos64_1.0.0.202411102158/tools/bin/../lib/gcc/arm-none-eabi/13.3.1/../../../../arm-none-eabi/lib/thumb/v7e-m+fp/hard/libc_nano.a(libc_a-lock.o)
                0x0801423c                __retarget_lock_release_recursive
 *fill*         0x0801423e        0x2 
 .text._localeconv_r
                0x08014240        0x8 /Applications/STM32CubeIDE.app/Contents/Eclipse/plugins/com.st.stm32cube.ide.mcu.externaltools.gnu-tools-for-stm32.13.3.rel1.macos64_1.0.0.202411102158/tools/bin/../lib/gcc/arm-none-eabi/13.3.1/../../../../arm-none-eabi/lib/thumb/v7e-m+fp/hard/libc_nano.a(libc_a-localeconv.o)
                0x08014240                _localeconv_r
 .text.memcpy   0x08014248       0x1c /Applications/STM32CubeIDE.app/Contents/Eclipse/plugins/com.st.stm32cube.ide.mcu.externaltools.gnu-tools-for-stm32.13.3.rel1.macos64_1.0.0.202411102158/tools/bin/../lib/gcc/arm-none-eabi/13.3.1/../../../../arm-none-eabi/lib/thumb/v7e-m+fp/hard/libc_nano.a(libc_a-memcpy-stub.o)
                0x08014248                memcpy
 *fill*         0x08014264        0x4 
 .text.nan      0x08014268       0x10 /Applications/STM32CubeIDE.app/Contents/Eclipse/plugins/com.st.stm32cube.ide.mcu.externaltools.gnu-tools-for-stm32.13.3.rel1.macos64_1.0.0.202411102158/tools/bin/../lib/gcc/arm-none-eabi/13.3.1/../../../../arm-none-eabi/lib/thumb/v7e-m+fp/hard/libc_nano.a(libm_a-s_nan.o)
                0x08014268                nan
 .text.nanf     0x08014278        0xc /Applications/STM32CubeIDE.app/Contents/Eclipse/plugins/com.st.stm32cube.ide.mcu.externaltools.gnu-tools-for-stm32.13.3.rel1.macos64_1.0.0.202411102158/tools/bin/../lib/gcc/arm-none-eabi/13.3.1/../../../../arm-none-eabi/lib/thumb/v7e-m+fp/hard/libc_nano.a(libm_a-sf_nan.o)
                0x08014278                nanf
 .text.quorem   0x08014284      0x110 /Applications/STM32CubeIDE.app/Contents/Eclipse/plugins/com.st.stm32cube.ide.mcu.externaltools.gnu-tools-for-stm32.13.3.rel1.macos64_1.0.0.202411102158/tools/bin/../lib/gcc/arm-none-eabi/13.3.1/../../../../arm-none-eabi/lib/thumb/v7e-m+fp/hard/libc_nano.a(libc_a-dtoa.o)
 *fill*         0x08014394        0x4 
 .text._dtoa_r  0x08014398      0xba0 /Applications/STM32CubeIDE.app/Contents/Eclipse/plugins/com.st.stm32cube.ide.mcu.externaltools.gnu-tools-for-stm32.13.3.rel1.macos64_1.0.0.202411102158/tools/bin/../lib/gcc/arm-none-eabi/13.3.1/../../../../arm-none-eabi/lib/thumb/v7e-m+fp/hard/libc_nano.a(libc_a-dtoa.o)
                0x08014398                _dtoa_r
 .text._free_r  0x08014f38       0x94 /Applications/STM32CubeIDE.app/Contents/Eclipse/plugins/com.st.stm32cube.ide.mcu.externaltools.gnu-tools-for-stm32.13.3.rel1.macos64_1.0.0.202411102158/tools/bin/../lib/gcc/arm-none-eabi/13.3.1/../../../../arm-none-eabi/lib/thumb/v7e-m+fp/hard/libc_nano.a(libc_a-freer.o)
                0x08014f38                _free_r
 .text.rshift   0x08014fcc       0xa4 /Applications/STM32CubeIDE.app/Contents/Eclipse/plugins/com.st.stm32cube.ide.mcu.externaltools.gnu-tools-for-stm32.13.3.rel1.macos64_1.0.0.202411102158/tools/bin/../lib/gcc/arm-none-eabi/13.3.1/../../../../arm-none-eabi/lib/thumb/v7e-m+fp/hard/libc_nano.a(libc_a-gdtoa-gethex.o)
 .text.__hexdig_fun
                0x08015070       0x2a /Applications/STM32CubeIDE.app/Contents/Eclipse/plugins/com.st.stm32cube.ide.mcu.externaltools.gnu-tools-for-stm32.13.3.rel1.macos64_1.0.0.202411102158/tools/bin/../lib/gcc/arm-none-eabi/13.3.1/../../../../arm-none-eabi/lib/thumb/v7e-m+fp/hard/libc_nano.a(libc_a-gdtoa-gethex.o)
                0x08015070                __hexdig_fun
 *fill*         0x0801509a        0x2 
 .text.__gethex
                0x0801509c      0x420 /Applications/STM32CubeIDE.app/Contents/Eclipse/plugins/com.st.stm32cube.ide.mcu.externaltools.gnu-tools-for-stm32.13.3.rel1.macos64_1.0.0.202411102158/tools/bin/../lib/gcc/arm-none-eabi/13.3.1/../../../../arm-none-eabi/lib/thumb/v7e-m+fp/hard/libc_nano.a(libc_a-gdtoa-gethex.o)
                0x0801509c                __gethex
 .text.L_shift  0x080154bc       0x24 /Applications/STM32CubeIDE.app/Contents/Eclipse/plugins/com.st.stm32cube.ide.mcu.externaltools.gnu-tools-for-stm32.13.3.rel1.macos64_1.0.0.202411102158/tools/bin/../lib/gcc/arm-none-eabi/13.3.1/../../../../arm-none-eabi/lib/thumb/v7e-m+fp/hard/libc_nano.a(libc_a-gdtoa-hexnan.o)
 .text.__match  0x080154e0       0x28 /Applications/STM32CubeIDE.app/Contents/Eclipse/plugins/com.st.stm32cube.ide.mcu.externaltools.gnu-tools-for-stm32.13.3.rel1.macos64_1.0.0.202411102158/tools/bin/../lib/gcc/arm-none-eabi/13.3.1/../../../../arm-none-eabi/lib/thumb/v7e-m+fp/hard/libc_nano.a(libc_a-gdtoa-hexnan.o)
                0x080154e0                __match
 .text.__hexnan
                0x08015508      0x136 /Applications/STM32CubeIDE.app/Contents/Eclipse/plugins/com.st.stm32cube.ide.mcu.externaltools.gnu-tools-for-stm32.13.3.rel1.macos64_1.0.0.202411102158/tools/bin/../lib/gcc/arm-none-eabi/13.3.1/../../../../arm-none-eabi/lib/thumb/v7e-m+fp/hard/libc_nano.a(libc_a-gdtoa-hexnan.o)
                0x08015508                __hexnan
 .text.__ssputs_r
                0x0801563e       0xb6 /Applications/STM32CubeIDE.app/Contents/Eclipse/plugins/com.st.stm32cube.ide.mcu.externaltools.gnu-tools-for-stm32.13.3.rel1.macos64_1.0.0.202411102158/tools/bin/../lib/gcc/arm-none-eabi/13.3.1/../../../../arm-none-eabi/lib/thumb/v7e-m+fp/hard/libc_nano.a(libc_a-nano-svfprintf.o)
                0x0801563e                __ssputs_r
 .text._svfprintf_r
                0x080156f4      0x1f8 /Applications/STM32CubeIDE.app/Contents/Eclipse/plugins/com.st.stm32cube.ide.mcu.externaltools.gnu-tools-for-stm32.13.3.rel1.macos64_1.0.0.202411102158/tools/bin/../lib/gcc/arm-none-eabi/13.3.1/../../../../arm-none-eabi/lib/thumb/v7e-m+fp/hard/libc_nano.a(libc_a-nano-svfprintf.o)
                0x080156f4                _svfprintf_r
                0x080156f4                _svfiprintf_r
 .text.__sfputc_r
                0x080158ec       0x2e /Applications/STM32CubeIDE.app/Contents/Eclipse/plugins/com.st.stm32cube.ide.mcu.externaltools.gnu-tools-for-stm32.13.3.rel1.macos64_1.0.0.202411102158/tools/bin/../lib/gcc/arm-none-eabi/13.3.1/../../../../arm-none-eabi/lib/thumb/v7e-m+fp/hard/libc_nano.a(libc_a-nano-vfprintf.o)
 .text.__sfputs_r
                0x0801591a       0x24 /Applications/STM32CubeIDE.app/Contents/Eclipse/plugins/com.st.stm32cube.ide.mcu.externaltools.gnu-tools-for-stm32.13.3.rel1.macos64_1.0.0.202411102158/tools/bin/../lib/gcc/arm-none-eabi/13.3.1/../../../../arm-none-eabi/lib/thumb/v7e-m+fp/hard/libc_nano.a(libc_a-nano-vfprintf.o)
                0x0801591a                __sfputs_r
 *fill*         0x0801593e        0x2 
 .text._vfprintf_r
                0x08015940      0x230 /Applications/STM32CubeIDE.app/Contents/Eclipse/plugins/com.st.stm32cube.ide.mcu.externaltools.gnu-tools-for-stm32.13.3.rel1.macos64_1.0.0.202411102158/tools/bin/../lib/gcc/arm-none-eabi/13.3.1/../../../../arm-none-eabi/lib/thumb/v7e-m+fp/hard/libc_nano.a(libc_a-nano-vfprintf.o)
                0x08015940                _vfiprintf_r
                0x08015940                _vfprintf_r
 .text.__ascii_mbtowc
                0x08015b70       0x24 /Applications/STM32CubeIDE.app/Contents/Eclipse/plugins/com.st.stm32cube.ide.mcu.externaltools.gnu-tools-for-stm32.13.3.rel1.macos64_1.0.0.202411102158/tools/bin/../lib/gcc/arm-none-eabi/13.3.1/../../../../arm-none-eabi/lib/thumb/v7e-m+fp/hard/libc_nano.a(libc_a-mbtowc_r.o)
                0x08015b70                __ascii_mbtowc
 .text.__sflush_r
                0x08015b94      0x108 /Applications/STM32CubeIDE.app/Contents/Eclipse/plugins/com.st.stm32cube.ide.mcu.externaltools.gnu-tools-for-stm32.13.3.rel1.macos64_1.0.0.202411102158/tools/bin/../lib/gcc/arm-none-eabi/13.3.1/../../../../arm-none-eabi/lib/thumb/v7e-m+fp/hard/libc_nano.a(libc_a-fflush.o)
                0x08015b94                __sflush_r
 .text._fflush_r
                0x08015c9c       0x50 /Applications/STM32CubeIDE.app/Contents/Eclipse/plugins/com.st.stm32cube.ide.mcu.externaltools.gnu-tools-for-stm32.13.3.rel1.macos64_1.0.0.202411102158/tools/bin/../lib/gcc/arm-none-eabi/13.3.1/../../../../arm-none-eabi/lib/thumb/v7e-m+fp/hard/libc_nano.a(libc_a-fflush.o)
                0x08015c9c                _fflush_r
 .text._Balloc  0x08015cec       0x80 /Applications/STM32CubeIDE.app/Contents/Eclipse/plugins/com.st.stm32cube.ide.mcu.externaltools.gnu-tools-for-stm32.13.3.rel1.macos64_1.0.0.202411102158/tools/bin/../lib/gcc/arm-none-eabi/13.3.1/../../../../arm-none-eabi/lib/thumb/v7e-m+fp/hard/libc_nano.a(libc_a-mprec.o)
                0x08015cec                _Balloc
 .text._Bfree   0x08015d6c       0x44 /Applications/STM32CubeIDE.app/Contents/Eclipse/plugins/com.st.stm32cube.ide.mcu.externaltools.gnu-tools-for-stm32.13.3.rel1.macos64_1.0.0.202411102158/tools/bin/../lib/gcc/arm-none-eabi/13.3.1/../../../../arm-none-eabi/lib/thumb/v7e-m+fp/hard/libc_nano.a(libc_a-mprec.o)
                0x08015d6c                _Bfree
 .text.__multadd
                0x08015db0       0x8c /Applications/STM32CubeIDE.app/Contents/Eclipse/plugins/com.st.stm32cube.ide.mcu.externaltools.gnu-tools-for-stm32.13.3.rel1.macos64_1.0.0.202411102158/tools/bin/../lib/gcc/arm-none-eabi/13.3.1/../../../../arm-none-eabi/lib/thumb/v7e-m+fp/hard/libc_nano.a(libc_a-mprec.o)
                0x08015db0                __multadd
 .text.__s2b    0x08015e3c       0x94 /Applications/STM32CubeIDE.app/Contents/Eclipse/plugins/com.st.stm32cube.ide.mcu.externaltools.gnu-tools-for-stm32.13.3.rel1.macos64_1.0.0.202411102158/tools/bin/../lib/gcc/arm-none-eabi/13.3.1/../../../../arm-none-eabi/lib/thumb/v7e-m+fp/hard/libc_nano.a(libc_a-mprec.o)
                0x08015e3c                __s2b
 .text.__hi0bits
                0x08015ed0       0x3e /Applications/STM32CubeIDE.app/Contents/Eclipse/plugins/com.st.stm32cube.ide.mcu.externaltools.gnu-tools-for-stm32.13.3.rel1.macos64_1.0.0.202411102158/tools/bin/../lib/gcc/arm-none-eabi/13.3.1/../../../../arm-none-eabi/lib/thumb/v7e-m+fp/hard/libc_nano.a(libc_a-mprec.o)
                0x08015ed0                __hi0bits
 .text.__lo0bits
                0x08015f0e       0x5a /Applications/STM32CubeIDE.app/Contents/Eclipse/plugins/com.st.stm32cube.ide.mcu.externaltools.gnu-tools-for-stm32.13.3.rel1.macos64_1.0.0.202411102158/tools/bin/../lib/gcc/arm-none-eabi/13.3.1/../../../../arm-none-eabi/lib/thumb/v7e-m+fp/hard/libc_nano.a(libc_a-mprec.o)
                0x08015f0e                __lo0bits
 .text.__i2b    0x08015f68       0x2c /Applications/STM32CubeIDE.app/Contents/Eclipse/plugins/com.st.stm32cube.ide.mcu.externaltools.gnu-tools-for-stm32.13.3.rel1.macos64_1.0.0.202411102158/tools/bin/../lib/gcc/arm-none-eabi/13.3.1/../../../../arm-none-eabi/lib/thumb/v7e-m+fp/hard/libc_nano.a(libc_a-mprec.o)
                0x08015f68                __i2b
 .text.__multiply
                0x08015f94      0x144 /Applications/STM32CubeIDE.app/Contents/Eclipse/plugins/com.st.stm32cube.ide.mcu.externaltools.gnu-tools-for-stm32.13.3.rel1.macos64_1.0.0.202411102158/tools/bin/../lib/gcc/arm-none-eabi/13.3.1/../../../../arm-none-eabi/lib/thumb/v7e-m+fp/hard/libc_nano.a(libc_a-mprec.o)
                0x08015f94                __multiply
 .text.__pow5mult
                0x080160d8       0xb4 /Applications/STM32CubeIDE.app/Contents/Eclipse/plugins/com.st.stm32cube.ide.mcu.externaltools.gnu-tools-for-stm32.13.3.rel1.macos64_1.0.0.202411102158/tools/bin/../lib/gcc/arm-none-eabi/13.3.1/../../../../arm-none-eabi/lib/thumb/v7e-m+fp/hard/libc_nano.a(libc_a-mprec.o)
                0x080160d8                __pow5mult
 .text.__lshift
                0x0801618c       0xd8 /Applications/STM32CubeIDE.app/Contents/Eclipse/plugins/com.st.stm32cube.ide.mcu.externaltools.gnu-tools-for-stm32.13.3.rel1.macos64_1.0.0.202411102158/tools/bin/../lib/gcc/arm-none-eabi/13.3.1/../../../../arm-none-eabi/lib/thumb/v7e-m+fp/hard/libc_nano.a(libc_a-mprec.o)
                0x0801618c                __lshift
 .text.__mcmp   0x08016264       0x36 /Applications/STM32CubeIDE.app/Contents/Eclipse/plugins/com.st.stm32cube.ide.mcu.externaltools.gnu-tools-for-stm32.13.3.rel1.macos64_1.0.0.202411102158/tools/bin/../lib/gcc/arm-none-eabi/13.3.1/../../../../arm-none-eabi/lib/thumb/v7e-m+fp/hard/libc_nano.a(libc_a-mprec.o)
                0x08016264                __mcmp
 *fill*         0x0801629a        0x2 
 .text.__mdiff  0x0801629c      0x128 /Applications/STM32CubeIDE.app/Contents/Eclipse/plugins/com.st.stm32cube.ide.mcu.externaltools.gnu-tools-for-stm32.13.3.rel1.macos64_1.0.0.202411102158/tools/bin/../lib/gcc/arm-none-eabi/13.3.1/../../../../arm-none-eabi/lib/thumb/v7e-m+fp/hard/libc_nano.a(libc_a-mprec.o)
                0x0801629c                __mdiff
 .text.__ulp    0x080163c4       0x4c /Applications/STM32CubeIDE.app/Contents/Eclipse/plugins/com.st.stm32cube.ide.mcu.externaltools.gnu-tools-for-stm32.13.3.rel1.macos64_1.0.0.202411102158/tools/bin/../lib/gcc/arm-none-eabi/13.3.1/../../../../arm-none-eabi/lib/thumb/v7e-m+fp/hard/libc_nano.a(libc_a-mprec.o)
                0x080163c4                __ulp
 .text.__b2d    0x08016410       0x94 /Applications/STM32CubeIDE.app/Contents/Eclipse/plugins/com.st.stm32cube.ide.mcu.externaltools.gnu-tools-for-stm32.13.3.rel1.macos64_1.0.0.202411102158/tools/bin/../lib/gcc/arm-none-eabi/13.3.1/../../../../arm-none-eabi/lib/thumb/v7e-m+fp/hard/libc_nano.a(libc_a-mprec.o)
                0x08016410                __b2d
 .text.__d2b    0x080164a4       0xb0 /Applications/STM32CubeIDE.app/Contents/Eclipse/plugins/com.st.stm32cube.ide.mcu.externaltools.gnu-tools-for-stm32.13.3.rel1.macos64_1.0.0.202411102158/tools/bin/../lib/gcc/arm-none-eabi/13.3.1/../../../../arm-none-eabi/lib/thumb/v7e-m+fp/hard/libc_nano.a(libc_a-mprec.o)
                0x080164a4                __d2b
 .text.__ratio  0x08016554       0x64 /Applications/STM32CubeIDE.app/Contents/Eclipse/plugins/com.st.stm32cube.ide.mcu.externaltools.gnu-tools-for-stm32.13.3.rel1.macos64_1.0.0.202411102158/tools/bin/../lib/gcc/arm-none-eabi/13.3.1/../../../../arm-none-eabi/lib/thumb/v7e-m+fp/hard/libc_nano.a(libc_a-mprec.o)
                0x08016554                __ratio
 .text.__copybits
                0x080165b8       0x46 /Applications/STM32CubeIDE.app/Contents/Eclipse/plugins/com.st.stm32cube.ide.mcu.externaltools.gnu-tools-for-stm32.13.3.rel1.macos64_1.0.0.202411102158/tools/bin/../lib/gcc/arm-none-eabi/13.3.1/../../../../arm-none-eabi/lib/thumb/v7e-m+fp/hard/libc_nano.a(libc_a-mprec.o)
                0x080165b8                __copybits
 .text.__any_on
                0x080165fe       0x42 /Applications/STM32CubeIDE.app/Contents/Eclipse/plugins/com.st.stm32cube.ide.mcu.externaltools.gnu-tools-for-stm32.13.3.rel1.macos64_1.0.0.202411102158/tools/bin/../lib/gcc/arm-none-eabi/13.3.1/../../../../arm-none-eabi/lib/thumb/v7e-m+fp/hard/libc_nano.a(libc_a-mprec.o)
                0x080165fe                __any_on
 .text.__sread  0x08016640       0x22 /Applications/STM32CubeIDE.app/Contents/Eclipse/plugins/com.st.stm32cube.ide.mcu.externaltools.gnu-tools-for-stm32.13.3.rel1.macos64_1.0.0.202411102158/tools/bin/../lib/gcc/arm-none-eabi/13.3.1/../../../../arm-none-eabi/lib/thumb/v7e-m+fp/hard/libc_nano.a(libc_a-stdio.o)
                0x08016640                __sread
 .text.__swrite
                0x08016662       0x38 /Applications/STM32CubeIDE.app/Contents/Eclipse/plugins/com.st.stm32cube.ide.mcu.externaltools.gnu-tools-for-stm32.13.3.rel1.macos64_1.0.0.202411102158/tools/bin/../lib/gcc/arm-none-eabi/13.3.1/../../../../arm-none-eabi/lib/thumb/v7e-m+fp/hard/libc_nano.a(libc_a-stdio.o)
                0x08016662                __swrite
 .text.__sseek  0x0801669a       0x24 /Applications/STM32CubeIDE.app/Contents/Eclipse/plugins/com.st.stm32cube.ide.mcu.externaltools.gnu-tools-for-stm32.13.3.rel1.macos64_1.0.0.202411102158/tools/bin/../lib/gcc/arm-none-eabi/13.3.1/../../../../arm-none-eabi/lib/thumb/v7e-m+fp/hard/libc_nano.a(libc_a-stdio.o)
                0x0801669a                __sseek
 .text.__sclose
                0x080166be        0x8 /Applications/STM32CubeIDE.app/Contents/Eclipse/plugins/com.st.stm32cube.ide.mcu.externaltools.gnu-tools-for-stm32.13.3.rel1.macos64_1.0.0.202411102158/tools/bin/../lib/gcc/arm-none-eabi/13.3.1/../../../../arm-none-eabi/lib/thumb/v7e-m+fp/hard/libc_nano.a(libc_a-stdio.o)
                0x080166be                __sclose
 .text._realloc_r
                0x080166c6       0x5c /Applications/STM32CubeIDE.app/Contents/Eclipse/plugins/com.st.stm32cube.ide.mcu.externaltools.gnu-tools-for-stm32.13.3.rel1.macos64_1.0.0.202411102158/tools/bin/../lib/gcc/arm-none-eabi/13.3.1/../../../../arm-none-eabi/lib/thumb/v7e-m+fp/hard/libc_nano.a(libc_a-reallocr.o)
                0x080166c6                _realloc_r
 .text.__swbuf_r
                0x08016722       0x7c /Applications/STM32CubeIDE.app/Contents/Eclipse/plugins/com.st.stm32cube.ide.mcu.externaltools.gnu-tools-for-stm32.13.3.rel1.macos64_1.0.0.202411102158/tools/bin/../lib/gcc/arm-none-eabi/13.3.1/../../../../arm-none-eabi/lib/thumb/v7e-m+fp/hard/libc_nano.a(libc_a-wbuf.o)
                0x08016722                __swbuf_r
 *fill*         0x0801679e        0x2 
 .text.__swsetup_r
                0x080167a0       0xac /Applications/STM32CubeIDE.app/Contents/Eclipse/plugins/com.st.stm32cube.ide.mcu.externaltools.gnu-tools-for-stm32.13.3.rel1.macos64_1.0.0.202411102158/tools/bin/../lib/gcc/arm-none-eabi/13.3.1/../../../../arm-none-eabi/lib/thumb/v7e-m+fp/hard/libc_nano.a(libc_a-wsetup.o)
                0x080167a0                __swsetup_r
 .text.__ascii_wctomb
                0x0801684c       0x1a /Applications/STM32CubeIDE.app/Contents/Eclipse/plugins/com.st.stm32cube.ide.mcu.externaltools.gnu-tools-for-stm32.13.3.rel1.macos64_1.0.0.202411102158/tools/bin/../lib/gcc/arm-none-eabi/13.3.1/../../../../arm-none-eabi/lib/thumb/v7e-m+fp/hard/libc_nano.a(libc_a-wctomb_r.o)
                0x0801684c                __ascii_wctomb
 .text.__swhatbuf_r
                0x08016866       0x4c /Applications/STM32CubeIDE.app/Contents/Eclipse/plugins/com.st.stm32cube.ide.mcu.externaltools.gnu-tools-for-stm32.13.3.rel1.macos64_1.0.0.202411102158/tools/bin/../lib/gcc/arm-none-eabi/13.3.1/../../../../arm-none-eabi/lib/thumb/v7e-m+fp/hard/libc_nano.a(libc_a-makebuf.o)