../ADBMS6830/lib/src/adBms6830ParseCreate.c:41:10:SetOverVoltageThreshold	24	static
../ADBMS6830/lib/src/adBms6830ParseCreate.c:67:10:SetUnderVoltageThreshold	24	static
../ADBMS6830/lib/src/adBms6830ParseCreate.c:95:9:ConfigA_Flag	24	static
../ADBMS6830/lib/src/adBms6830ParseCreate.c:126:10:ConfigA_Gpo	24	static
../ADBMS6830/lib/src/adBms6830ParseCreate.c:157:10:ConfigB_DccBit	24	static
../ADBMS6830/lib/src/adBms6830ParseCreate.c:191:10:ConfigB_DccBits	16	static
../ADBMS6830/lib/src/adBms6830ParseCreate.c:226:6:SetConfigB_DischargeTimeOutValue	24	static
../ADBMS6830/lib/src/adBms6830ParseCreate.c:261:6:SetPwmDutyCycle	24	static
../ADBMS6830/lib/src/adBms6830ParseCreate.c:296:6:adBms6830ParseConfiga	32	static
../ADBMS6830/lib/src/adBms6830ParseCreate.c:341:6:adBms6830ParseConfigb	32	static
../ADBMS6830/lib/src/adBms6830ParseCreate.c:379:6:adBms6830ParseConfig	24	static
../ADBMS6830/lib/src/adBms6830ParseCreate.c:418:6:adBms6830ParseCell	32	static
../ADBMS6830/lib/src/adBms6830ParseCreate.c:520:6:adBms6830ParseAverageCell	32	static
../ADBMS6830/lib/src/adBms6830ParseCreate.c:623:6:adBms6830ParseSCell	32	static
../ADBMS6830/lib/src/adBms6830ParseCreate.c:725:6:adBms6830ParseFCell	32	static
../ADBMS6830/lib/src/adBms6830ParseCreate.c:827:6:adBms6830ParseAux	32	static
../ADBMS6830/lib/src/adBms6830ParseCreate.c:915:6:adBms6830ParseRAux	32	static
../ADBMS6830/lib/src/adBms6830ParseCreate.c:997:6:adBms6830ParseStatusA	32	static
../ADBMS6830/lib/src/adBms6830ParseCreate.c:1029:6:adBms6830ParseStatusB	32	static
../ADBMS6830/lib/src/adBms6830ParseCreate.c:1061:6:adBms6830ParseStatusC	32	static
../ADBMS6830/lib/src/adBms6830ParseCreate.c:1107:6:adBms6830ParseStatusD	32	static
../ADBMS6830/lib/src/adBms6830ParseCreate.c:1177:6:adBms6830ParseStatusE	32	static
../ADBMS6830/lib/src/adBms6830ParseCreate.c:1208:6:adBms6830ParseStatus	40	static
../ADBMS6830/lib/src/adBms6830ParseCreate.c:1276:6:adBms6830ParseComm	32	static
../ADBMS6830/lib/src/adBms6830ParseCreate.c:1314:6:adBms6830ParseSID	32	static
../ADBMS6830/lib/src/adBms6830ParseCreate.c:1349:6:adBms6830ParsePwma	32	static
../ADBMS6830/lib/src/adBms6830ParseCreate.c:1390:6:adBms6830ParsePwmb	32	static
../ADBMS6830/lib/src/adBms6830ParseCreate.c:1423:6:adBms6830ParsePwm	24	static
../ADBMS6830/lib/src/adBms6830ParseCreate.c:1457:6:adBms6830CreateConfiga	24	static
../ADBMS6830/lib/src/adBms6830ParseCreate.c:1487:6:adBms6830CreateConfigb	24	static
../ADBMS6830/lib/src/adBms6830ParseCreate.c:1517:6:adBms6830CreateClrflagData	24	static
../ADBMS6830/lib/src/adBms6830ParseCreate.c:1549:6:adBms6830CreateComm	24	static
../ADBMS6830/lib/src/adBms6830ParseCreate.c:1579:6:adBms6830CreatePwma	24	static
../ADBMS6830/lib/src/adBms6830ParseCreate.c:1608:6:adBms6830CreatePwmb	24	static
