../ADBMS6830/lib/src/adBms6830ParseCreate.c:41:10:SetOverVoltageThreshold	24	static
../ADBMS6830/lib/src/adBms6830ParseCreate.c:67:10:SetUnderVoltageThreshold	24	static
../ADBMS6830/lib/src/adBms6830ParseCreate.c:95:9:ConfigA_Flag	24	static
../ADBMS6830/lib/src/adBms6830ParseCreate.c:126:10:ConfigA_Gpo	24	static
../ADBMS6830/lib/src/adBms6830ParseCreate.c:157:10:ConfigB_DccBit	24	static
../ADBMS6830/lib/src/adBms6830ParseCreate.c:191:10:ConfigB_DccBits	16	static
../ADBMS6830/lib/src/adBms6830ParseCreate.c:226:6:SetConfigB_DischargeTimeOutValue	24	static
../ADBMS6830/lib/src/adBms6830ParseCreate.c:261:6:SetPwmDutyCycle	24	static
../ADBMS6830/lib/src/adBms6830ParseCreate.c:296:6:adBms6830ParseConfiga	32	static
../ADBMS6830/lib/src/adBms6830ParseCreate.c:341:6:adBms6830ParseConfigb	32	static
../ADBMS6830/lib/src/adBms6830ParseCreate.c:358:6:adBms6830ParseConfigc	32	static
../ADBMS6830/lib/src/adBms6830ParseCreate.c:397:6:adBms6830ParseConfig	24	static
../ADBMS6830/lib/src/adBms6830ParseCreate.c:440:6:adBms6830ParseCell	32	static
../ADBMS6830/lib/src/adBms6830ParseCreate.c:542:6:adBms6830ParseAverageCell	32	static
../ADBMS6830/lib/src/adBms6830ParseCreate.c:645:6:adBms6830ParseSCell	32	static
../ADBMS6830/lib/src/adBms6830ParseCreate.c:747:6:adBms6830ParseFCell	32	static
../ADBMS6830/lib/src/adBms6830ParseCreate.c:849:6:adBms6830ParseAux	32	static
../ADBMS6830/lib/src/adBms6830ParseCreate.c:937:6:adBms6830ParseRAux	32	static
../ADBMS6830/lib/src/adBms6830ParseCreate.c:1019:6:adBms6830ParseStatusA	32	static
../ADBMS6830/lib/src/adBms6830ParseCreate.c:1051:6:adBms6830ParseStatusB	32	static
../ADBMS6830/lib/src/adBms6830ParseCreate.c:1083:6:adBms6830ParseStatusC	32	static
../ADBMS6830/lib/src/adBms6830ParseCreate.c:1129:6:adBms6830ParseStatusD	32	static
../ADBMS6830/lib/src/adBms6830ParseCreate.c:1199:6:adBms6830ParseStatusE	32	static
../ADBMS6830/lib/src/adBms6830ParseCreate.c:1230:6:adBms6830ParseStatus	40	static
../ADBMS6830/lib/src/adBms6830ParseCreate.c:1298:6:adBms6830ParseComm	32	static
../ADBMS6830/lib/src/adBms6830ParseCreate.c:1336:6:adBms6830ParseSID	32	static
../ADBMS6830/lib/src/adBms6830ParseCreate.c:1371:6:adBms6830ParsePwma	32	static
../ADBMS6830/lib/src/adBms6830ParseCreate.c:1412:6:adBms6830ParsePwmb	32	static
../ADBMS6830/lib/src/adBms6830ParseCreate.c:1445:6:adBms6830ParsePwm	24	static
../ADBMS6830/lib/src/adBms6830ParseCreate.c:1479:6:adBms6830CreateConfiga	24	static
../ADBMS6830/lib/src/adBms6830ParseCreate.c:1509:6:adBms6830CreateConfigb	24	static
../ADBMS6830/lib/src/adBms6830ParseCreate.c:1522:6:adBms6830CreateConfigc	24	static
../ADBMS6830/lib/src/adBms6830ParseCreate.c:1557:6:adBms6830CreateClrflagData	24	static
../ADBMS6830/lib/src/adBms6830ParseCreate.c:1589:6:adBms6830CreateComm	24	static
../ADBMS6830/lib/src/adBms6830ParseCreate.c:1619:6:adBms6830CreatePwma	24	static
../ADBMS6830/lib/src/adBms6830ParseCreate.c:1648:6:adBms6830CreatePwmb	24	static
