../Core/Src/bms_state.c:15:6:HAL_UARTEx_RxEventCallback	64	static
../Core/Src/bms_state.c:44:6:determine_operating_state	8	static
../Core/Src/bms_state.c:54:6:reset_operating_state	16	static
../Core/Src/bms_state.c:76:6:wakeup_tasks	24	static,ignoring_inline_asm
../Core/Src/bms_state.c:100:6:change_baud_rate_500	8	static
../Core/Src/bms_state.c:107:6:change_baud_rate_250	8	static
../Core/Src/bms_state.c:116:6:enter_precharge_mode	8	static
../Core/Src/bms_state.c:122:6:enter_drive_mode	8	static
../Core/Src/bms_state.c:129:6:enter_charging_mode	8	static
../Core/Src/bms_state.c:142:6:enter_balancing_mode	16	static
../Core/Src/bms_state.c:156:6:exit_precharge_mode	4	static
../Core/Src/bms_state.c:160:6:exit_drive_mode	4	static
../Core/Src/bms_state.c:167:6:exit_charging_mode	8	static
../Core/Src/bms_state.c:178:6:exit_balancing_mode	16	static
