../Core/Src/bms_state.c:15:6:HAL_UARTEx_RxEventCallback	64	static
../Core/Src/bms_state.c:48:6:determine_operating_state	8	static
../Core/Src/bms_state.c:58:6:reset_operating_state	16	static
../Core/Src/bms_state.c:80:6:wakeup_tasks	24	static,ignoring_inline_asm
../Core/Src/bms_state.c:104:6:change_baud_rate_500	8	static
../Core/Src/bms_state.c:111:6:change_baud_rate_250	8	static
../Core/Src/bms_state.c:120:6:enter_precharge_mode	8	static
../Core/Src/bms_state.c:126:6:enter_drive_mode	8	static
../Core/Src/bms_state.c:133:6:enter_charging_mode	8	static
../Core/Src/bms_state.c:146:6:enter_balancing_mode	16	static
../Core/Src/bms_state.c:160:6:exit_precharge_mode	4	static
../Core/Src/bms_state.c:164:6:exit_drive_mode	4	static
../Core/Src/bms_state.c:171:6:exit_charging_mode	8	static
../Core/Src/bms_state.c:182:6:exit_balancing_mode	16	static
