../Core/Src/custom_functions.c:147:6:BMS_InitFaultSystem	8	static
../Core/Src/custom_functions.c:154:6:BMS_SetCellFault	48	static
../Core/Src/custom_functions.c:238:6:BMS_ClearCellFault	32	static
../Core/Src/custom_functions.c:307:9:BMS_GetFaultCount	16	static
../Core/Src/custom_functions.c:317:6:BMS_HasActiveFaults	4	static
../Core/Src/custom_functions.c:324:6:print_fault_summary	24	static
../Core/Src/custom_functions.c:358:6:populateIC	32	static
../Core/Src/custom_functions.c:400:5:user_adBms6830_cellVoltageFaults	72	static
../Core/Src/custom_functions.c:495:5:user_adBms6830_tempFault	40	static
../Core/Src/custom_functions.c:547:5:user_adBms6830_commFault	24	static
../Core/Src/custom_functions.c:568:6:user_adBms6830_setFaults	8	static
../Core/Src/custom_functions.c:614:6:user_adBms6830_getAccyStatus	16	static
../Core/Src/custom_functions.c:637:9:getCurrentSensorData	40	static
../Core/Src/custom_functions.c:710:7:getCurrentVoltage	16	static
../Core/Src/custom_functions.c:714:6:printFloat	24	static
../Core/Src/custom_functions.c:721:7:getPackVoltage	32	static
../Core/Src/custom_functions.c:746:7:updateSOC	24	static
../Core/Src/custom_functions.c:835:6:fanPWMControl	96	static
../Core/Src/custom_functions.c:922:7:interpolate	48	static
../Core/Src/custom_functions.c:952:7:voltagetoSOC	16	static
../Core/Src/custom_functions.c:957:7:SOCtoVoltage	16	static
../Core/Src/custom_functions.c:962:7:calcDCL	8	static
../Core/Src/custom_functions.c:967:7:calcCCL	8	static
