../Core/Src/custom_functions.c:94:5:add_fault	32	static
../Core/Src/custom_functions.c:139:6:clear_fault	24	static
../Core/Src/custom_functions.c:160:6:init_fault_log	16	static
../Core/Src/custom_functions.c:175:6:print_fault_summary	24	static
../Core/Src/custom_functions.c:223:6:populateIC	32	static
../Core/Src/custom_functions.c:263:5:user_adBms6830_cellFault	32	static
../Core/Src/custom_functions.c:323:5:user_adBms6830_tempFault	56	static
../Core/Src/custom_functions.c:379:6:user_adBms6830_setFaults	8	static
../Core/Src/custom_functions.c:415:6:user_adBms6830_getAccyStatus	16	static
../Core/Src/custom_functions.c:436:9:getCurrentSensorData	40	static
../Core/Src/custom_functions.c:509:7:getCurrentVoltage	16	static
../Core/Src/custom_functions.c:513:6:printFloat	24	static
../Core/Src/custom_functions.c:520:7:getPackVoltage	32	static
../Core/Src/custom_functions.c:545:7:updateSOC	8	static
../Core/Src/custom_functions.c:595:6:fanPWMControl	96	static
../Core/Src/custom_functions.c:681:7:voltagetoSOC	16	static
../Core/Src/custom_functions.c:704:7:SOCtoVoltage	16	static
../Core/Src/custom_functions.c:729:7:calcDCL	4	static
../Core/Src/custom_functions.c:770:7:calcCCL	4	static
