../Core/Src/custom_functions.c:118:5:add_fault	32	static
../Core/Src/custom_functions.c:163:6:clear_fault	24	static
../Core/Src/custom_functions.c:184:6:init_fault_log	16	static
../Core/Src/custom_functions.c:199:6:print_fault_summary	24	static
../Core/Src/custom_functions.c:247:6:populateIC	32	static
../Core/Src/custom_functions.c:287:5:user_adBms6830_cellFault	32	static
../Core/Src/custom_functions.c:347:5:user_adBms6830_tempFault	56	static
../Core/Src/custom_functions.c:403:6:user_adBms6830_setFaults	8	static
../Core/Src/custom_functions.c:439:6:user_adBms6830_getAccyStatus	16	static
../Core/Src/custom_functions.c:460:9:getCurrentSensorData	40	static
../Core/Src/custom_functions.c:533:7:getCurrentVoltage	16	static
../Core/Src/custom_functions.c:537:6:printFloat	24	static
../Core/Src/custom_functions.c:544:7:getPackVoltage	32	static
../Core/Src/custom_functions.c:569:7:updateSOC	24	static
../Core/Src/custom_functions.c:666:6:fanPWMControl	96	static
../Core/Src/custom_functions.c:752:7:interpolate	48	static
../Core/Src/custom_functions.c:782:7:voltagetoSOC	16	static
../Core/Src/custom_functions.c:787:7:SOCtoVoltage	16	static
../Core/Src/custom_functions.c:792:7:calcDCL	8	static
../Core/Src/custom_functions.c:797:7:calcCCL	8	static
