../Core/Src/custom_functions.c:146:6:BMS_InitFaultSystem	8	static
../Core/Src/custom_functions.c:153:6:BMS_SetCellFault	48	static
../Core/Src/custom_functions.c:237:6:BMS_ClearCellFault	32	static
../Core/Src/custom_functions.c:306:9:BMS_GetFaultCount	16	static
../Core/Src/custom_functions.c:316:6:BMS_HasActiveFaults	4	static
../Core/Src/custom_functions.c:323:6:print_fault_summary	24	static
../Core/Src/custom_functions.c:357:6:populateIC	32	static
../Core/Src/custom_functions.c:399:5:user_adBms6830_cellVoltageFaults	72	static
../Core/Src/custom_functions.c:494:5:user_adBms6830_tempFault	40	static
../Core/Src/custom_functions.c:546:5:user_adBms6830_commFault	24	static
../Core/Src/custom_functions.c:567:6:user_adBms6830_setFaults	8	static
../Core/Src/custom_functions.c:613:6:user_adBms6830_getAccyStatus	16	static
../Core/Src/custom_functions.c:636:9:getCurrentSensorData	40	static
../Core/Src/custom_functions.c:709:7:getCurrentVoltage	16	static
../Core/Src/custom_functions.c:713:6:printFloat	24	static
../Core/Src/custom_functions.c:720:7:getPackVoltage	32	static
../Core/Src/custom_functions.c:745:7:updateSOC	24	static
../Core/Src/custom_functions.c:834:6:fanPWMControl	96	static
../Core/Src/custom_functions.c:920:7:interpolate	48	static
../Core/Src/custom_functions.c:950:7:voltagetoSOC	16	static
../Core/Src/custom_functions.c:955:7:SOCtoVoltage	16	static
../Core/Src/custom_functions.c:960:7:calcDCL	8	static
../Core/Src/custom_functions.c:965:7:calcCCL	8	static
