../Core/Src/custom_functions.c:101:5:add_fault	32	static
../Core/Src/custom_functions.c:146:6:clear_fault	24	static
../Core/Src/custom_functions.c:167:6:init_fault_log	16	static
../Core/Src/custom_functions.c:182:6:print_fault_summary	24	static
../Core/Src/custom_functions.c:230:6:populateIC	32	static
../Core/Src/custom_functions.c:270:5:user_adBms6830_cellFault	32	static
../Core/Src/custom_functions.c:330:5:user_adBms6830_tempFault	56	static
../Core/Src/custom_functions.c:386:6:user_adBms6830_setFaults	8	static
../Core/Src/custom_functions.c:422:6:user_adBms6830_getAccyStatus	16	static
../Core/Src/custom_functions.c:443:9:getCurrentSensorData	40	static
../Core/Src/custom_functions.c:516:7:getCurrentVoltage	16	static
../Core/Src/custom_functions.c:520:6:printFloat	24	static
../Core/Src/custom_functions.c:527:7:getPackVoltage	32	static
../Core/Src/custom_functions.c:552:7:updateSOC	24	static
../Core/Src/custom_functions.c:649:6:fanPWMControl	96	static
../Core/Src/custom_functions.c:735:7:voltagetoSOC	16	static
../Core/Src/custom_functions.c:758:7:SOCtoVoltage	16	static
../Core/Src/custom_functions.c:783:7:calcDCL	4	static
../Core/Src/custom_functions.c:824:7:calcCCL	4	static
