../Core/Src/custom_functions.c:142:6:BMS_InitFaultSystem	8	static
../Core/Src/custom_functions.c:149:6:BMS_SetCellFault	48	static
../Core/Src/custom_functions.c:217:6:BMS_ClearCellFault	32	static
../Core/Src/custom_functions.c:270:9:BMS_GetFaultCount	16	static
../Core/Src/custom_functions.c:280:6:BMS_HasActiveFaults	4	static
../Core/Src/custom_functions.c:287:6:print_fault_summary	24	static
../Core/Src/custom_functions.c:321:6:populateIC	32	static
../Core/Src/custom_functions.c:363:5:user_adBms6830_cellVoltageFaults	72	static
../Core/Src/custom_functions.c:458:5:user_adBms6830_tempFault	48	static
../Core/Src/custom_functions.c:510:6:user_adBms6830_setFaults	8	static
../Core/Src/custom_functions.c:546:6:user_adBms6830_getAccyStatus	16	static
../Core/Src/custom_functions.c:569:9:getCurrentSensorData	40	static
../Core/Src/custom_functions.c:642:7:getCurrentVoltage	16	static
../Core/Src/custom_functions.c:646:6:printFloat	24	static
../Core/Src/custom_functions.c:653:7:getPackVoltage	32	static
../Core/Src/custom_functions.c:678:7:updateSOC	24	static
../Core/Src/custom_functions.c:767:6:fanPWMControl	96	static
../Core/Src/custom_functions.c:853:7:interpolate	48	static
../Core/Src/custom_functions.c:883:7:voltagetoSOC	16	static
../Core/Src/custom_functions.c:888:7:SOCtoVoltage	16	static
../Core/Src/custom_functions.c:893:7:calcDCL	8	static
../Core/Src/custom_functions.c:898:7:calcCCL	8	static
