../Core/Src/custom_functions.c:158:6:BMS_InitFaultSystem	8	static
../Core/Src/custom_functions.c:165:6:BMS_SetCellFault	48	static
../Core/Src/custom_functions.c:263:6:BMS_ClearCellFault	32	static
../Core/Src/custom_functions.c:342:9:BMS_GetFaultCount	16	static
../Core/Src/custom_functions.c:352:6:BMS_HasActiveFaults	4	static
../Core/Src/custom_functions.c:356:13:BMS_DebounceUVOV	40	static
../Core/Src/custom_functions.c:418:6:print_fault_summary	24	static
../Core/Src/custom_functions.c:455:6:populateIC	32	static
../Core/Src/custom_functions.c:500:5:user_adBms6830_cellVoltageFaults	72	static
../Core/Src/custom_functions.c:610:5:user_adBms6830_tempFault	40	static
../Core/Src/custom_functions.c:662:5:user_adBms6830_commFault	24	static
../Core/Src/custom_functions.c:683:6:user_adBms6830_setFaults	8	static
../Core/Src/custom_functions.c:729:6:user_adBms6830_getAccyStatus	16	static
../Core/Src/custom_functions.c:752:9:getCurrentSensorData	40	static
../Core/Src/custom_functions.c:825:7:getCurrentVoltage	16	static
../Core/Src/custom_functions.c:829:6:printFloat	24	static
../Core/Src/custom_functions.c:836:7:getPackVoltage	32	static
../Core/Src/custom_functions.c:861:7:updateSOC	24	static
../Core/Src/custom_functions.c:950:6:fanPWMControl	96	static
../Core/Src/custom_functions.c:1037:7:interpolate	48	static
../Core/Src/custom_functions.c:1067:7:voltagetoSOC	16	static
../Core/Src/custom_functions.c:1072:7:SOCtoVoltage	16	static
../Core/Src/custom_functions.c:1077:7:calcDCL	8	static
../Core/Src/custom_functions.c:1082:7:calcCCL	8	static
../Core/Src/custom_functions.c:1097:6:BMS_ApplyTempCurrentLimits	32	static
