../Core/Src/custom_functions.c:157:6:BMS_InitFaultSystem	8	static
../Core/Src/custom_functions.c:164:6:BMS_SetCellFault	48	static
../Core/Src/custom_functions.c:262:6:BMS_ClearCellFault	32	static
../Core/Src/custom_functions.c:341:9:BMS_GetFaultCount	16	static
../Core/Src/custom_functions.c:351:6:BMS_HasActiveFaults	4	static
../Core/Src/custom_functions.c:355:13:BMS_DebounceUVOV	40	static
../Core/Src/custom_functions.c:417:6:print_fault_summary	24	static
../Core/Src/custom_functions.c:454:6:populateIC	32	static
../Core/Src/custom_functions.c:499:5:user_adBms6830_cellVoltageFaults	72	static
../Core/Src/custom_functions.c:609:5:user_adBms6830_tempFault	40	static
../Core/Src/custom_functions.c:661:5:user_adBms6830_commFault	24	static
../Core/Src/custom_functions.c:682:6:user_adBms6830_setFaults	8	static
../Core/Src/custom_functions.c:728:6:user_adBms6830_getAccyStatus	16	static
../Core/Src/custom_functions.c:751:9:getCurrentSensorData	40	static
../Core/Src/custom_functions.c:824:7:getCurrentVoltage	16	static
../Core/Src/custom_functions.c:828:6:printFloat	24	static
../Core/Src/custom_functions.c:835:7:getPackVoltage	32	static
../Core/Src/custom_functions.c:860:7:updateSOC	24	static
../Core/Src/custom_functions.c:949:6:fanPWMControl	96	static
../Core/Src/custom_functions.c:1035:7:interpolate	48	static
../Core/Src/custom_functions.c:1065:7:voltagetoSOC	16	static
../Core/Src/custom_functions.c:1070:7:SOCtoVoltage	16	static
../Core/Src/custom_functions.c:1075:7:calcDCL	8	static
../Core/Src/custom_functions.c:1080:7:calcCCL	8	static
../Core/Src/custom_functions.c:1095:6:BMS_ApplyTempCurrentLimits	32	static
