../Core/Src/custom_functions.c:142:6:BMS_InitFaultSystem	8	static
../Core/Src/custom_functions.c:149:6:BMS_SetCellFault	48	static
../Core/Src/custom_functions.c:209:6:BMS_ClearCellFault	32	static
../Core/Src/custom_functions.c:264:6:populateIC	32	static
../Core/Src/custom_functions.c:304:5:user_adBms6830_checkHardwareVoltageFaults	48	static
../Core/Src/custom_functions.c:348:5:user_adBms6830_cellFault	40	static
../Core/Src/custom_functions.c:405:5:user_adBms6830_tempFault	48	static
../Core/Src/custom_functions.c:461:6:user_adBms6830_setFaults	8	static
../Core/Src/custom_functions.c:497:6:user_adBms6830_getAccyStatus	16	static
../Core/Src/custom_functions.c:515:6:BMS_HasActiveFaults	4	static
../Core/Src/custom_functions.c:522:9:BMS_GetFaultCount	16	static
../Core/Src/custom_functions.c:532:6:print_fault_summary	24	static
../Core/Src/custom_functions.c:571:9:getCurrentSensorData	40	static
../Core/Src/custom_functions.c:644:7:getCurrentVoltage	16	static
../Core/Src/custom_functions.c:648:6:printFloat	24	static
../Core/Src/custom_functions.c:655:7:getPackVoltage	32	static
../Core/Src/custom_functions.c:680:7:updateSOC	24	static
../Core/Src/custom_functions.c:769:6:fanPWMControl	96	static
../Core/Src/custom_functions.c:855:7:interpolate	48	static
../Core/Src/custom_functions.c:885:7:voltagetoSOC	16	static
../Core/Src/custom_functions.c:890:7:SOCtoVoltage	16	static
../Core/Src/custom_functions.c:895:7:calcDCL	8	static
../Core/Src/custom_functions.c:900:7:calcCCL	8	static
