../ADBMS6830/program/src/adBms_Application.c:111:6:BMS_ExecutePrecharge	4	static
../ADBMS6830/program/src/adBms_Application.c:116:6:BMS_PrechargeAbort	4	static
../ADBMS6830/program/src/adBms_Application.c:119:6:adbms_main	24	static
../ADBMS6830/program/src/adBms_Application.c:291:6:run_command	24	static
../ADBMS6830/program/src/adBms_Application.c:439:6:adBms6830_init_config	40	static
../ADBMS6830/program/src/adBms_Application.c:467:6:adBms6830_write_read_config	24	static
../ADBMS6830/program/src/adBms_Application.c:482:6:adBms6830_write_config	24	static
../ADBMS6830/program/src/adBms_Application.c:494:6:adBms6830_read_config	24	static
../ADBMS6830/program/src/adBms_Application.c:506:6:adBms6830_start_adc_cell_voltage_measurment	24	static
../ADBMS6830/program/src/adBms_Application.c:521:6:adBms6830_read_cell_voltages	24	static
../ADBMS6830/program/src/adBms_Application.c:540:6:adBms6830_start_adc_s_voltage_measurment	16	static
../ADBMS6830/program/src/adBms_Application.c:555:6:adBms6830_read_s_voltages	24	static
../ADBMS6830/program/src/adBms_Application.c:574:6:adBms6830_start_avgcell_voltage_measurment	24	static
../ADBMS6830/program/src/adBms_Application.c:589:6:adBms6830_read_avgcell_voltages	24	static
../ADBMS6830/program/src/adBms_Application.c:608:6:adBms6830_start_fcell_voltage_measurment	24	static
../ADBMS6830/program/src/adBms_Application.c:623:6:adBms6830_read_fcell_voltages	24	static
../ADBMS6830/program/src/adBms_Application.c:642:6:adBms6830_start_aux_voltage_measurment	32	static
../ADBMS6830/program/src/adBms_Application.c:663:6:adBms6830_read_aux_voltages	24	static
../ADBMS6830/program/src/adBms_Application.c:678:6:adBms6830_start_raux_voltage_measurment	32	static
../ADBMS6830/program/src/adBms_Application.c:699:6:adBms6830_read_raux_voltages	24	static
../ADBMS6830/program/src/adBms_Application.c:714:6:adBms6830_read_status_registers	32	static
../ADBMS6830/program/src/adBms_Application.c:737:6:measurement_loop	16	static
../ADBMS6830/program/src/adBms_Application.c:819:6:adBms6830_clear_cell_measurement	16	static
../ADBMS6830/program/src/adBms_Application.c:834:6:adBms6830_clear_aux_measurement	16	static
../ADBMS6830/program/src/adBms_Application.c:849:6:adBms6830_clear_spin_measurement	16	static
../ADBMS6830/program/src/adBms_Application.c:864:6:adBms6830_clear_fcell_measurement	16	static
../ADBMS6830/program/src/adBms_Application.c:874:6:balanceCells	40	static
../ADBMS6830/program/src/adBms_Application.c:934:6:stopBalancing	32	static
