../ADBMS6830/program/src/adBms_Application.c:101:6:BMS_ExecutePrecharge	4	static
../ADBMS6830/program/src/adBms_Application.c:106:6:BMS_PrechargeAbort	4	static
../ADBMS6830/program/src/adBms_Application.c:109:6:adbms_main	24	static
../ADBMS6830/program/src/adBms_Application.c:281:6:run_command	24	static
../ADBMS6830/program/src/adBms_Application.c:429:6:adBms6830_init_config	40	static
../ADBMS6830/program/src/adBms_Application.c:457:6:adBms6830_write_read_config	24	static
../ADBMS6830/program/src/adBms_Application.c:472:6:adBms6830_write_config	24	static
../ADBMS6830/program/src/adBms_Application.c:484:6:adBms6830_read_config	24	static
../ADBMS6830/program/src/adBms_Application.c:496:6:adBms6830_start_adc_cell_voltage_measurment	24	static
../ADBMS6830/program/src/adBms_Application.c:511:6:adBms6830_read_cell_voltages	24	static
../ADBMS6830/program/src/adBms_Application.c:530:6:adBms6830_start_adc_s_voltage_measurment	16	static
../ADBMS6830/program/src/adBms_Application.c:545:6:adBms6830_read_s_voltages	24	static
../ADBMS6830/program/src/adBms_Application.c:564:6:adBms6830_start_avgcell_voltage_measurment	24	static
../ADBMS6830/program/src/adBms_Application.c:579:6:adBms6830_read_avgcell_voltages	24	static
../ADBMS6830/program/src/adBms_Application.c:598:6:adBms6830_start_fcell_voltage_measurment	24	static
../ADBMS6830/program/src/adBms_Application.c:613:6:adBms6830_read_fcell_voltages	24	static
../ADBMS6830/program/src/adBms_Application.c:632:6:adBms6830_start_aux_voltage_measurment	32	static
../ADBMS6830/program/src/adBms_Application.c:653:6:adBms6830_read_aux_voltages	24	static
../ADBMS6830/program/src/adBms_Application.c:668:6:adBms6830_start_raux_voltage_measurment	32	static
../ADBMS6830/program/src/adBms_Application.c:689:6:adBms6830_read_raux_voltages	24	static
../ADBMS6830/program/src/adBms_Application.c:704:6:adBms6830_read_status_registers	32	static
../ADBMS6830/program/src/adBms_Application.c:727:6:measurement_loop	16	static
../ADBMS6830/program/src/adBms_Application.c:809:6:adBms6830_clear_cell_measurement	16	static
../ADBMS6830/program/src/adBms_Application.c:824:6:adBms6830_clear_aux_measurement	16	static
../ADBMS6830/program/src/adBms_Application.c:839:6:adBms6830_clear_spin_measurement	16	static
../ADBMS6830/program/src/adBms_Application.c:854:6:adBms6830_clear_fcell_measurement	16	static
../ADBMS6830/program/src/adBms_Application.c:864:6:balanceCells	40	static
../ADBMS6830/program/src/adBms_Application.c:924:6:stopBalancing	32	static
