../ADBMS6830/program/src/adBms_Application.c:77:6:adbms_main	56	static
../ADBMS6830/program/src/adBms_Application.c:237:6:run_command	24	static
../ADBMS6830/program/src/adBms_Application.c:385:6:adBms6830_init_config	40	static
../ADBMS6830/program/src/adBms_Application.c:413:6:adBms6830_write_read_config	24	static
../ADBMS6830/program/src/adBms_Application.c:428:6:adBms6830_write_config	24	static
../ADBMS6830/program/src/adBms_Application.c:440:6:adBms6830_read_config	24	static
../ADBMS6830/program/src/adBms_Application.c:452:6:adBms6830_start_adc_cell_voltage_measurment	24	static
../ADBMS6830/program/src/adBms_Application.c:467:6:adBms6830_read_cell_voltages	24	static
../ADBMS6830/program/src/adBms_Application.c:486:6:adBms6830_start_adc_s_voltage_measurment	16	static
../ADBMS6830/program/src/adBms_Application.c:501:6:adBms6830_read_s_voltages	24	static
../ADBMS6830/program/src/adBms_Application.c:520:6:adBms6830_start_avgcell_voltage_measurment	24	static
../ADBMS6830/program/src/adBms_Application.c:535:6:adBms6830_read_avgcell_voltages	24	static
../ADBMS6830/program/src/adBms_Application.c:554:6:adBms6830_start_fcell_voltage_measurment	24	static
../ADBMS6830/program/src/adBms_Application.c:569:6:adBms6830_read_fcell_voltages	24	static
../ADBMS6830/program/src/adBms_Application.c:588:6:adBms6830_start_aux_voltage_measurment	32	static
../ADBMS6830/program/src/adBms_Application.c:609:6:adBms6830_read_aux_voltages	24	static
../ADBMS6830/program/src/adBms_Application.c:624:6:adBms6830_start_raux_voltage_measurment	32	static
../ADBMS6830/program/src/adBms_Application.c:645:6:adBms6830_read_raux_voltages	24	static
../ADBMS6830/program/src/adBms_Application.c:660:6:adBms6830_read_status_registers	32	static
../ADBMS6830/program/src/adBms_Application.c:683:6:measurement_loop	16	static
../ADBMS6830/program/src/adBms_Application.c:765:6:adBms6830_clear_cell_measurement	16	static
../ADBMS6830/program/src/adBms_Application.c:780:6:adBms6830_clear_aux_measurement	16	static
../ADBMS6830/program/src/adBms_Application.c:795:6:adBms6830_clear_spin_measurement	16	static
../ADBMS6830/program/src/adBms_Application.c:810:6:adBms6830_clear_fcell_measurement	16	static
../ADBMS6830/program/src/adBms_Application.c:820:6:balanceCells	40	static
../ADBMS6830/program/src/adBms_Application.c:880:6:stopBalancing	32	static
