../ADBMS6830/program/src/serialPrintResult.c:1068:6:printWriteConfig	24	static
../ADBMS6830/program/src/serialPrintResult.c:1138:6:printReadConfig	24	static
../ADBMS6830/program/src/serialPrintResult.c:1238:6:printVoltages	48	static
../ADBMS6830/program/src/serialPrintResult.c:1370:6:printStatus	24	static
../ADBMS6830/program/src/serialPrintResult.c:1592:6:printDeviceSID	24	static
../ADBMS6830/program/src/serialPrintResult.c:1635:6:printWritePwmDutyCycle	24	static
../ADBMS6830/program/src/serialPrintResult.c:1696:6:printReadPwmDutyCycle	24	static
../ADBMS6830/program/src/serialPrintResult.c:1777:6:printWriteCommData	24	static
../ADBMS6830/program/src/serialPrintResult.c:1816:6:printReadCommData	24	static
../ADBMS6830/program/src/serialPrintResult.c:1860:6:printDiagnosticTestResult	24	static
../ADBMS6830/program/src/serialPrintResult.c:1946:6:diagnosticTestResultPrint	16	static
../ADBMS6830/program/src/serialPrintResult.c:1977:6:printOpenWireTestResult	24	static
../ADBMS6830/program/src/serialPrintResult.c:2038:6:openWireResultPrint	16	static
../ADBMS6830/program/src/serialPrintResult.c:2061:6:printPollAdcConvTime	16	static
../ADBMS6830/program/src/serialPrintResult.c:2077:6:printMenu	8	static
../ADBMS6830/program/src/serialPrintResult.c:2124:7:getVoltage	24	static
